Archive member included to satisfy reference by file (symbol)

D:/stm32/STM32CubeIDE_2.0.0/STM32CubeIDE/plugins/com.st.stm32cube.ide.mcu.externaltools.gnu-tools-for-stm32.13.3.rel1.win32_1.0.100.202509120712/tools/bin/../lib/gcc/arm-none-eabi/13.3.1/../../../../arm-none-eabi/lib/thumb/v7e-m+fp/hard\libc_nano.a(libc_a-exit.o)
                              D:/stm32/STM32CubeIDE_2.0.0/STM32CubeIDE/plugins/com.st.stm32cube.ide.mcu.externaltools.gnu-tools-for-stm32.13.3.rel1.win32_1.0.100.202509120712/tools/bin/../lib/gcc/arm-none-eabi/13.3.1/../../../../arm-none-eabi/lib/thumb/v7e-m+fp/hard/crt0.o (exit)
D:/stm32/STM32CubeIDE_2.0.0/STM32CubeIDE/plugins/com.st.stm32cube.ide.mcu.externaltools.gnu-tools-for-stm32.13.3.rel1.win32_1.0.100.202509120712/tools/bin/../lib/gcc/arm-none-eabi/13.3.1/../../../../arm-none-eabi/lib/thumb/v7e-m+fp/hard\libc_nano.a(libc_a-findfp.o)
                              D:/stm32/STM32CubeIDE_2.0.0/STM32CubeIDE/plugins/com.st.stm32cube.ide.mcu.externaltools.gnu-tools-for-stm32.13.3.rel1.win32_1.0.100.202509120712/tools/bin/../lib/gcc/arm-none-eabi/13.3.1/../../../../arm-none-eabi/lib/thumb/v7e-m+fp/hard\libc_nano.a(libc_a-exit.o) (__stdio_exit_handler)
D:/stm32/STM32CubeIDE_2.0.0/STM32CubeIDE/plugins/com.st.stm32cube.ide.mcu.externaltools.gnu-tools-for-stm32.13.3.rel1.win32_1.0.100.202509120712/tools/bin/../lib/gcc/arm-none-eabi/13.3.1/../../../../arm-none-eabi/lib/thumb/v7e-m+fp/hard\libc_nano.a(libc_a-fwalk.o)
                              D:/stm32/STM32CubeIDE_2.0.0/STM32CubeIDE/plugins/com.st.stm32cube.ide.mcu.externaltools.gnu-tools-for-stm32.13.3.rel1.win32_1.0.100.202509120712/tools/bin/../lib/gcc/arm-none-eabi/13.3.1/../../../../arm-none-eabi/lib/thumb/v7e-m+fp/hard\libc_nano.a(libc_a-findfp.o) (_fwalk_sglue)
D:/stm32/STM32CubeIDE_2.0.0/STM32CubeIDE/plugins/com.st.stm32cube.ide.mcu.externaltools.gnu-tools-for-stm32.13.3.rel1.win32_1.0.100.202509120712/tools/bin/../lib/gcc/arm-none-eabi/13.3.1/../../../../arm-none-eabi/lib/thumb/v7e-m+fp/hard\libc_nano.a(libc_a-stdio.o)
                              D:/stm32/STM32CubeIDE_2.0.0/STM32CubeIDE/plugins/com.st.stm32cube.ide.mcu.externaltools.gnu-tools-for-stm32.13.3.rel1.win32_1.0.100.202509120712/tools/bin/../lib/gcc/arm-none-eabi/13.3.1/../../../../arm-none-eabi/lib/thumb/v7e-m+fp/hard\libc_nano.a(libc_a-findfp.o) (__sread)
D:/stm32/STM32CubeIDE_2.0.0/STM32CubeIDE/plugins/com.st.stm32cube.ide.mcu.externaltools.gnu-tools-for-stm32.13.3.rel1.win32_1.0.100.202509120712/tools/bin/../lib/gcc/arm-none-eabi/13.3.1/../../../../arm-none-eabi/lib/thumb/v7e-m+fp/hard\libc_nano.a(libc_a-memset.o)
                              D:/stm32/STM32CubeIDE_2.0.0/STM32CubeIDE/plugins/com.st.stm32cube.ide.mcu.externaltools.gnu-tools-for-stm32.13.3.rel1.win32_1.0.100.202509120712/tools/bin/../lib/gcc/arm-none-eabi/13.3.1/../../../../arm-none-eabi/lib/thumb/v7e-m+fp/hard/crt0.o (memset)
D:/stm32/STM32CubeIDE_2.0.0/STM32CubeIDE/plugins/com.st.stm32cube.ide.mcu.externaltools.gnu-tools-for-stm32.13.3.rel1.win32_1.0.100.202509120712/tools/bin/../lib/gcc/arm-none-eabi/13.3.1/../../../../arm-none-eabi/lib/thumb/v7e-m+fp/hard\libc_nano.a(libc_a-closer.o)
                              D:/stm32/STM32CubeIDE_2.0.0/STM32CubeIDE/plugins/com.st.stm32cube.ide.mcu.externaltools.gnu-tools-for-stm32.13.3.rel1.win32_1.0.100.202509120712/tools/bin/../lib/gcc/arm-none-eabi/13.3.1/../../../../arm-none-eabi/lib/thumb/v7e-m+fp/hard\libc_nano.a(libc_a-stdio.o) (_close_r)
D:/stm32/STM32CubeIDE_2.0.0/STM32CubeIDE/plugins/com.st.stm32cube.ide.mcu.externaltools.gnu-tools-for-stm32.13.3.rel1.win32_1.0.100.202509120712/tools/bin/../lib/gcc/arm-none-eabi/13.3.1/../../../../arm-none-eabi/lib/thumb/v7e-m+fp/hard\libc_nano.a(libc_a-reent.o)
                              D:/stm32/STM32CubeIDE_2.0.0/STM32CubeIDE/plugins/com.st.stm32cube.ide.mcu.externaltools.gnu-tools-for-stm32.13.3.rel1.win32_1.0.100.202509120712/tools/bin/../lib/gcc/arm-none-eabi/13.3.1/../../../../arm-none-eabi/lib/thumb/v7e-m+fp/hard\libc_nano.a(libc_a-closer.o) (errno)
D:/stm32/STM32CubeIDE_2.0.0/STM32CubeIDE/plugins/com.st.stm32cube.ide.mcu.externaltools.gnu-tools-for-stm32.13.3.rel1.win32_1.0.100.202509120712/tools/bin/../lib/gcc/arm-none-eabi/13.3.1/../../../../arm-none-eabi/lib/thumb/v7e-m+fp/hard\libc_nano.a(libc_a-impure.o)
                              D:/stm32/STM32CubeIDE_2.0.0/STM32CubeIDE/plugins/com.st.stm32cube.ide.mcu.externaltools.gnu-tools-for-stm32.13.3.rel1.win32_1.0.100.202509120712/tools/bin/../lib/gcc/arm-none-eabi/13.3.1/../../../../arm-none-eabi/lib/thumb/v7e-m+fp/hard\libc_nano.a(libc_a-reent.o) (_impure_ptr)
D:/stm32/STM32CubeIDE_2.0.0/STM32CubeIDE/plugins/com.st.stm32cube.ide.mcu.externaltools.gnu-tools-for-stm32.13.3.rel1.win32_1.0.100.202509120712/tools/bin/../lib/gcc/arm-none-eabi/13.3.1/../../../../arm-none-eabi/lib/thumb/v7e-m+fp/hard\libc_nano.a(libc_a-lseekr.o)
[...]
Memory Configuration

Name             Origin             Length             Attributes
RAM              0x20000000         0x0001c000         xrw
FLASH            0x08000000         0x00080000         xr
*default*        0x00000000         0xffffffff

Linker script and memory map

LOAD D:/stm32/STM32CubeIDE_2.0.0/STM32CubeIDE/plugins/com.st.stm32cube.ide.mcu.externaltools.gnu-tools-for-stm32.13.3.rel1.win32_1.0.100.202509120712/tools/bin/../lib/gcc/arm-none-eabi/13.3.1/thumb/v7e-m+fp/hard/crti.o
LOAD D:/stm32/STM32CubeIDE_2.0.0/STM32CubeIDE/plugins/com.st.stm32cube.ide.mcu.externaltools.gnu-tools-for-stm32.13.3.rel1.win32_1.0.100.202509120712/tools/bin/../lib/gcc/arm-none-eabi/13.3.1/thumb/v7e-m+fp/hard/crtbegin.o
LOAD D:/stm32/STM32CubeIDE_2.0.0/STM32CubeIDE/plugins/com.st.stm32cube.ide.mcu.externaltools.gnu-tools-for-stm32.13.3.rel1.win32_1.0.100.202509120712/tools/bin/../lib/gcc/arm-none-eabi/13.3.1/../../../../arm-none-eabi/lib/thumb/v7e-m+fp/hard/crt0.o
LOAD ./Core/Src/bench_runner.o
LOAD ./Core/Src/commutation.o
LOAD ./Core/Src/main.o
LOAD ./Core/Src/motor_control.o
LOAD ./Core/Src/safety.o
LOAD ./Core/Src/sensors.o
LOAD ./Core/Src/stm32g4xx_hal_msp.o
LOAD ./Core/Src/stm32g4xx_it.o
LOAD ./Core/Src/syscalls.o
LOAD ./Core/Src/sysmem.o
LOAD ./Core/Src/system_stm32g4xx.o
LOAD ./Core/Startup/startup_stm32g491retx.o
LOAD ./Drivers/BSP/STM32G4xx_Nucleo/stm32g4xx_nucleo.o
LOAD ./Drivers/STM32G4xx_HAL_Driver/Src/stm32g4xx_hal.o
LOAD ./Drivers/STM32G4xx_HAL_Driver/Src/stm32g4xx_hal_adc.o
LOAD ./Drivers/STM32G4xx_HAL_Driver/Src/stm32g4xx_hal_adc_ex.o
LOAD ./Drivers/STM32G4xx_HAL_Driver/Src/stm32g4xx_hal_cortex.o
LOAD ./Drivers/STM32G4xx_HAL_Driver/Src/stm32g4xx_hal_dma.o
LOAD ./Drivers/STM32G4xx_HAL_Driver/Src/stm32g4xx_hal_dma_ex.o
LOAD ./Drivers/STM32G4xx_HAL_Driver/Src/stm32g4xx_hal_exti.o
LOAD ./Drivers/STM32G4xx_HAL_Driver/Src/stm32g4xx_hal_fdcan.o
LOAD ./Drivers/STM32G4xx_HAL_Driver/Src/stm32g4xx_hal_flash.o
LOAD ./Drivers/STM32G4xx_HAL_Driver/Src/stm32g4xx_hal_flash_ex.o
LOAD ./Drivers/STM32G4xx_HAL_Driver/Src/stm32g4xx_hal_flash_ramfunc.o
LOAD ./Drivers/STM32G4xx_HAL_Driver/Src/stm32g4xx_hal_gpio.o
LOAD ./Drivers/STM32G4xx_HAL_Driver/Src/stm32g4xx_hal_i2c.o
LOAD ./Drivers/STM32G4xx_HAL_Driver/Src/stm32g4xx_hal_i2c_ex.o
LOAD ./Drivers/STM32G4xx_HAL_Driver/Src/stm32g4xx_hal_pwr.o
LOAD ./Drivers/STM32G4xx_HAL_Driver/Src/stm32g4xx_hal_pwr_ex.o
LOAD ./Drivers/STM32G4xx_HAL_Driver/Src/stm32g4xx_hal_rcc.o
LOAD ./Drivers/STM32G4xx_HAL_Driver/Src/stm32g4xx_hal_rcc_ex.o
LOAD ./Drivers/STM32G4xx_HAL_Driver/Src/stm32g4xx_hal_tim.o
LOAD ./Drivers/STM32G4xx_HAL_Driver/Src/stm32g4xx_hal_tim_ex.o
LOAD ./Drivers/STM32G4xx_HAL_Driver/Src/stm32g4xx_hal_uart.o
LOAD ./Drivers/STM32G4xx_HAL_Driver/Src/stm32g4xx_hal_uart_ex.o
LOAD ./Drivers/STM32G4xx_HAL_Driver/Src/stm32g4xx_hal_usart.o
LOAD ./Drivers/STM32G4xx_HAL_Driver/Src/stm32g4xx_hal_usart_ex.o
LOAD ./Drivers/STM32G4xx_HAL_Driver/Src/stm32g4xx_ll_adc.o
START GROUP
LOAD D:/stm32/STM32CubeIDE_2.0.0/STM32CubeIDE/plugins/com.st.stm32cube.ide.mcu.externaltools.gnu-tools-for-stm32.13.3.rel1.win32_1.0.100.202509120712/tools/bin/../lib/gcc/arm-none-eabi/13.3.1/../../../../arm-none-eabi/lib/thumb/v7e-m+fp/hard\libc_nano.a
LOAD D:/stm32/STM32CubeIDE_2.0.0/STM32CubeIDE/plugins/com.st.stm32cube.ide.mcu.externaltools.gnu-tools-for-stm32.13.3.rel1.win32_1.0.100.202509120712/tools/bin/../lib/gcc/arm-none-eabi/13.3.1/../../../../arm-none-eabi/lib/thumb/v7e-m+fp/hard\libm.a
END GROUP
START GROUP
LOAD D:/stm32/STM32CubeIDE_2.0.0/STM32CubeIDE/plugins/com.st.stm32cube.ide.mcu.externaltools.gnu-tools-for-stm32.13.3.rel1.win32_1.0.100.202509120712/tools/bin/../lib/gcc/arm-none-eabi/13.3.1/thumb/v7e-m+fp/hard\libgcc.a
LOAD D:/stm32/STM32CubeIDE_2.0.0/STM32CubeIDE/plugins/com.st.stm32cube.ide.mcu.externaltools.gnu-tools-for-stm32.13.3.rel1.win32_1.0.100.202509120712/tools/bin/../lib/gcc/arm-none-eabi/13.3.1/../../../../arm-none-eabi/lib/thumb/v7e-m+fp/hard\libc_nano.a
END GROUP
START GROUP
LOAD D:/stm32/STM32CubeIDE_2.0.0/STM32CubeIDE/plugins/com.st.stm32cube.ide.mcu.externaltools.gnu-tools-for-stm32.13.3.rel1.win32_1.0.100.202509120712/tools/bin/../lib/gcc/arm-none-eabi/13.3.1/thumb/v7e-m+fp/hard\libgcc.a
LOAD D:/stm32/STM32CubeIDE_2.0.0/STM32CubeIDE/plugins/com.st.stm32cube.ide.mcu.externaltools.gnu-tools-for-stm32.13.3.rel1.win32_1.0.100.202509120712/tools/bin/../lib/gcc/arm-none-eabi/13.3.1/../../../../arm-none-eabi/lib/thumb/v7e-m+fp/hard\libc_nano.a
LOAD D:/stm32/STM32CubeIDE_2.0.0/STM32CubeIDE/plugins/com.st.stm32cube.ide.mcu.externaltools.gnu-tools-for-stm32.13.3.rel1.win32_1.0.100.202509120712/tools/bin/../lib/gcc/arm-none-eabi/13.3.1/../../../../arm-none-eabi/lib/thumb/v7e-m+fp/hard\libnosys.a
END GROUP
START GROUP
LOAD D:/stm32/STM32CubeIDE_2.0.0/STM32CubeIDE/plugins/com.st.stm32cube.ide.mcu.externaltools.gnu-tools-for-stm32.13.3.rel1.win32_1.0.100.202509120712/tools/bin/../lib/gcc/arm-none-eabi/13.3.1/thumb/v7e-m+fp/hard\libgcc.a
LOAD D:/stm32/STM32CubeIDE_2.0.0/STM32CubeIDE/plugins/com.st.stm32cube.ide.mcu.externaltools.gnu-tools-for-stm32.13.3.rel1.win32_1.0.100.202509120712/tools/bin/../lib/gcc/arm-none-eabi/13.3.1/../../../../arm-none-eabi/lib/thumb/v7e-m+fp/hard\libc_nano.a
LOAD D:/stm32/STM32CubeIDE_2.0.0/STM32CubeIDE/plugins/com.st.stm32cube.ide.mcu.externaltools.gnu-tools-for-stm32.13.3.rel1.win32_1.0.100.202509120712/tools/bin/../lib/gcc/arm-none-eabi/13.3.1/../../../../arm-none-eabi/lib/thumb/v7e-m+fp/hard\libnosys.a
END GROUP
LOAD D:/stm32/STM32CubeIDE_2.0.0/STM32CubeIDE/plugins/com.st.stm32cube.ide.mcu.externaltools.gnu-tools-for-stm32.13.3.rel1.win32_1.0.100.202509120712/tools/bin/../lib/gcc/arm-none-eabi/13.3.1/thumb/v7e-m+fp/hard/crtend.o
LOAD D:/stm32/STM32CubeIDE_2.0.0/STM32CubeIDE/plugins/com.st.stm32cube.ide.mcu.externaltools.gnu-tools-for-stm32.13.3.rel1.win32_1.0.100.202509120712/tools/bin/../lib/gcc/arm-none-eabi/13.3.1/thumb/v7e-m+fp/hard/crtn.o
                0x2001c000                        _estack = (ORIGIN (RAM) + LENGTH (RAM))
                0x00000200                        _Min_Heap_Size = 0x200
                0x00000400                        _Min_Stack_Size = 0x400

.isr_vector     0x08000000      0x1d8
                0x08000000                        . = ALIGN (0x4)
 *(.isr_vector)
 .isr_vector    0x08000000      0x1d8 ./Core/Startup/startup_stm32g491retx.o
                0x08000000                g_pfnVectors
                0x080001d8                        . = ALIGN (0x4)

.text           0x080001d8     0x70f4
                0x080001d8                        . = ALIGN (0x4)
 *(.text)
 .text          0x080001d8       0x40 D:/stm32/STM32CubeIDE_2.0.0/STM32CubeIDE/plugins/com.st.stm32cube.ide.mcu.externaltools.gnu-tools-for-stm32.13.3.rel1.win32_1.0.100.202509120712/tools/bin/../lib/gcc/arm-none-eabi/13.3.1/thumb/v7e-m+fp/hard/crtbegin.o
 .text          0x08000218       0x30 D:/stm32/STM32CubeIDE_2.0.0/STM32CubeIDE/plugins/com.st.stm32cube.ide.mcu.externaltools.gnu-tools-for-stm32.13.3.rel1.win32_1.0.100.202509120712/tools/bin/../lib/gcc/arm-none-eabi/13.3.1/thumb/v7e-m+fp/hard\libgcc.a(_aeabi_uldivmod.o)
                0x08000218                __aeabi_uldivmod
 .text          0x08000248      0x2f8 D:/stm32/STM32CubeIDE_2.0.0/STM32CubeIDE/plugins/com.st.stm32cube.ide.mcu.externaltools.gnu-tools-for-stm32.13.3.rel1.win32_1.0.100.202509120712/tools/bin/../lib/gcc/arm-none-eabi/13.3.1/thumb/v7e-m+fp/hard\libgcc.a(_udivmoddi4.o)
                0x08000248                __udivmoddi4
 .text          0x08000540        0x4 D:/stm32/STM32CubeIDE_2.0.0/STM32CubeIDE/plugins/com.st.stm32cube.ide.mcu.externaltools.gnu-tools-for-stm32.13.3.rel1.win32_1.0.100.202509120712/tools/bin/../lib/gcc/arm-none-eabi/13.3.1/thumb/v7e-m+fp/hard\libgcc.a(_dvmd_tls.o)
                0x08000540                __aeabi_idiv0
                0x08000540                __aeabi_ldiv0
 *(.text*)
 .text.BenchRunner_Step_IgnoreNonBrakeFaults
                0x08000544       0x2a ./Core/Src/bench_runner.o
                0x08000544                BenchRunner_Step_IgnoreNonBrakeFaults
 *fill*         0x0800056e        0x2 
 .text.ReadHallGPIO
                0x08000570       0x74 ./Core/Src/commutation.o
 .text.SafeOff_AllPhases
                0x080005e4       0x2c ./Core/Src/commutation.o
 .text.ApplyCommutation
                0x08000610       0xe8 ./Core/Src/commutation.o
 .text.Commutation_Init
                0x080006f8       0x18 ./Core/Src/commutation.o
                0x080006f8                Commutation_Init
 .text.Commutation_Update
                0x08000710       0x4c ./Core/Src/commutation.o
                0x08000710                Commutation_Update
 .text.main     0x0800075c      0x104 ./Core/Src/main.o
                0x0800075c                main
 .text.SystemClock_Config
                0x08000860       0x92 ./Core/Src/main.o
                0x08000860                SystemClock_Config
 *fill*         0x080008f2        0x2 
 .text.MX_ADC1_Init
                0x080008f4       0xf4 ./Core/Src/main.o
 .text.MX_TIM1_Init
                0x080009e8      0x198 ./Core/Src/main.o
 .text.MX_TIM3_Init
                0x08000b80       0x9c ./Core/Src/main.o
 .text.MX_GPIO_Init
                0x08000c1c       0xec ./Core/Src/main.o
 .text.Error_Handler
                0x08000d08        0xc ./Core/Src/main.o
                0x08000d08                Error_Handler
 .text.MotorControl_Init
                0x08000d14       0x30 ./Core/Src/motor_control.o
                0x08000d14                MotorControl_Init
 .text.MotorControl_Update
                0x08000d44      0x184 ./Core/Src/motor_control.o
                0x08000d44                MotorControl_Update
 .text.MotorControl_GetDuty
                0x08000ec8       0x18 ./Core/Src/motor_control.o
                0x08000ec8                MotorControl_GetDuty
 .text.Safety_Init
                0x08000ee0       0x2c ./Core/Src/safety.o
                0x08000ee0                Safety_Init
 .text.Safety_Update
                0x08000f0c       0xa8 ./Core/Src/safety.o
                0x08000f0c                Safety_Update
 .text.Safety_IsBrakeActive
                0x08000fb4       0x18 ./Core/Src/safety.o
                0x08000fb4                Safety_IsBrakeActive
 .text.Sensors_Init
                0x08000fcc       0x30 ./Core/Src/sensors.o
                0x08000fcc                Sensors_Init
 .text.Sensors_Update
                0x08000ffc       0x24 ./Core/Src/sensors.o
                0x08000ffc                Sensors_Update
 .text.Sensors_GetThrottleRaw
                0x08001020       0x18 ./Core/Src/sensors.o
                0x08001020                Sensors_GetThrottleRaw
 .text.Sensors_GetCurrentRaw
                0x08001038       0x18 ./Core/Src/sensors.o
                0x08001038                Sensors_GetCurrentRaw
 .text.Sensors_GetTemperatureC
                0x08001050       0x1c ./Core/Src/sensors.o
                0x08001050                Sensors_GetTemperatureC
 .text.TMP102_ReadTemperature
                0x0800106c       0x9c ./Core/Src/sensors.o
 .text.HAL_MspInit
                0x08001108       0x48 ./Core/Src/stm32g4xx_hal_msp.o
                0x08001108                HAL_MspInit
 .text.HAL_ADC_MspInit
                0x08001150      0x108 ./Core/Src/stm32g4xx_hal_msp.o
                0x08001150                HAL_ADC_MspInit
 .text.HAL_TIM_Base_MspInit
                0x08001258       0x40 ./Core/Src/stm32g4xx_hal_msp.o
                0x08001258                HAL_TIM_Base_MspInit
 .text.HAL_TIM_MspPostInit
                0x08001298       0xd0 ./Core/Src/stm32g4xx_hal_msp.o
                0x08001298                HAL_TIM_MspPostInit
 .text.NMI_Handler
                0x08001368        0x8 ./Core/Src/stm32g4xx_it.o
                0x08001368                NMI_Handler
 .text.HardFault_Handler
                0x08001370        0x8 ./Core/Src/stm32g4xx_it.o
                0x08001370                HardFault_Handler
 .text.MemManage_Handler
                0x08001378        0x8 ./Core/Src/stm32g4xx_it.o
                0x08001378                MemManage_Handler
 .text.BusFault_Handler
                0x08001380        0x8 ./Core/Src/stm32g4xx_it.o
                0x08001380                BusFault_Handler
 .text.UsageFault_Handler
                0x08001388        0x8 ./Core/Src/stm32g4xx_it.o
                0x08001388                UsageFault_Handler
 .text.SVC_Handler
                0x08001390        0xe ./Core/Src/stm32g4xx_it.o
                0x08001390                SVC_Handler
 .text.DebugMon_Handler
                0x0800139e        0xe ./Core/Src/stm32g4xx_it.o
                0x0800139e                DebugMon_Handler
 .text.PendSV_Handler
                0x080013ac        0xe ./Core/Src/stm32g4xx_it.o
                0x080013ac                PendSV_Handler
 .text.SysTick_Handler
                0x080013ba        0xc ./Core/Src/stm32g4xx_it.o
                0x080013ba                SysTick_Handler
 .text.EXTI0_IRQHandler
                0x080013c6        0xe ./Core/Src/stm32g4xx_it.o
                0x080013c6                EXTI0_IRQHandler
 .text.EXTI1_IRQHandler
                0x080013d4        0xe ./Core/Src/stm32g4xx_it.o
                0x080013d4                EXTI1_IRQHandler
 .text.EXTI2_IRQHandler
                0x080013e2        0xe ./Core/Src/stm32g4xx_it.o
                0x080013e2                EXTI2_IRQHandler
 .text.DMA1_Channel1_IRQHandler
                0x080013f0       0x14 ./Core/Src/stm32g4xx_it.o
                0x080013f0                DMA1_Channel1_IRQHandler
 .text.SystemInit
                0x08001404       0x24 ./Core/Src/system_stm32g4xx.o
                0x08001404                SystemInit
 .text.Reset_Handler
                0x08001428       0x50 ./Core/Startup/startup_stm32g491retx.o
                0x08001428                Reset_Handler
 .text.Default_Handler
                0x08001478        0x2 ./Core/Startup/startup_stm32g491retx.o
                0x08001478                RTC_Alarm_IRQHandler
                0x08001478                TIM8_TRG_COM_IRQHandler
                0x08001478                TIM8_CC_IRQHandler
                0x08001478                TIM1_CC_IRQHandler
                0x08001478                USB_HP_IRQHandler
                0x08001478                CORDIC_IRQHandler
                0x08001478                DMA2_Channel8_IRQHandler
                0x08001478                EXTI3_IRQHandler
                0x08001478                I2C3_ER_IRQHandler
                0x08001478                I2C2_EV_IRQHandler
                0x08001478                FPU_IRQHandler
                0x08001478                FDCAN1_IT1_IRQHandler
                0x08001478                TIM1_UP_TIM16_IRQHandler
                0x08001478                ADC1_2_IRQHandler
                0x08001478                SPI1_IRQHandler
                0x08001478                TIM6_DAC_IRQHandler
                0x08001478                TIM8_UP_IRQHandler
                0x08001478                DMA2_Channel2_IRQHandler
                0x08001478                DMA1_Channel4_IRQHandler
                0x08001478                TIM20_TRG_COM_IRQHandler
                0x08001478                USART3_IRQHandler
                0x08001478                DMA1_Channel7_IRQHandler
                0x08001478                UART5_IRQHandler
                0x08001478                ADC3_IRQHandler
                0x08001478                TIM4_IRQHandler
                0x08001478                DMA2_Channel1_IRQHandler
                0x08001478                QUADSPI_IRQHandler
                0x08001478                I2C1_EV_IRQHandler
                0x08001478                DMA1_Channel6_IRQHandler
                0x08001478                UART4_IRQHandler
                0x08001478                DMA2_Channel4_IRQHandler
                0x08001478                TIM3_IRQHandler
                0x08001478                RCC_IRQHandler
                0x08001478                TIM20_UP_IRQHandler
                0x08001478                Default_Handler
                0x08001478                DMA2_Channel7_IRQHandler
                0x08001478                RTC_TAMP_LSECSS_IRQHandler
                0x08001478                FMAC_IRQHandler
                0x08001478                EXTI15_10_IRQHandler
                0x08001478                DMA1_Channel8_IRQHandler
                0x08001478                TIM7_IRQHandler
                0x08001478                UCPD1_IRQHandler
                0x08001478                I2C3_EV_IRQHandler
                0x08001478                EXTI9_5_IRQHandler
                0x08001478                RTC_WKUP_IRQHandler
                0x08001478                PVD_PVM_IRQHandler
                0x08001478                SPI2_IRQHandler
                0x08001478                DMA2_Channel5_IRQHandler
                0x08001478                CRS_IRQHandler
                0x08001478                DMA1_Channel5_IRQHandler
                0x08001478                USB_LP_IRQHandler
                0x08001478                EXTI4_IRQHandler
                0x08001478                RNG_IRQHandler
                0x08001478                TIM1_TRG_COM_TIM17_IRQHandler
                0x08001478                FDCAN2_IT1_IRQHandler
                0x08001478                DMA1_Channel3_IRQHandler
                0x08001478                WWDG_IRQHandler
                0x08001478                FDCAN2_IT0_IRQHandler
                0x08001478                LPUART1_IRQHandler
                0x08001478                DMA2_Channel6_IRQHandler
                0x08001478                FDCAN1_IT0_IRQHandler
                0x08001478                TIM2_IRQHandler
                0x08001478                COMP1_2_3_IRQHandler
                0x08001478                USART2_IRQHandler
                0x08001478                TIM20_BRK_IRQHandler
                0x08001478                I2C2_ER_IRQHandler
                0x08001478                DMA1_Channel2_IRQHandler
                0x08001478                TIM8_BRK_IRQHandler
                0x08001478                FLASH_IRQHandler
                0x08001478                TIM20_CC_IRQHandler
                0x08001478                USART1_IRQHandler
                0x08001478                SPI3_IRQHandler
                0x08001478                I2C1_ER_IRQHandler
                0x08001478                LPTIM1_IRQHandler
                0x08001478                DMAMUX_OVR_IRQHandler
                0x08001478                USBWakeUp_IRQHandler
                0x08001478                SAI1_IRQHandler
                0x08001478                DMA2_Channel3_IRQHandler
                0x08001478                COMP4_IRQHandler
                0x08001478                TIM1_BRK_TIM15_IRQHandler
 *fill*         0x0800147a        0x2 
 .text.BSP_LED_Init
                0x0800147c       0x6c ./Drivers/BSP/STM32G4xx_Nucleo/stm32g4xx_nucleo.o
                0x0800147c                BSP_LED_Init
 .text.BSP_PB_Init
                0x080014e8       0xdc ./Drivers/BSP/STM32G4xx_Nucleo/stm32g4xx_nucleo.o
                0x080014e8                BSP_PB_Init
 .text.BSP_PB_Callback
                0x080015c4       0x16 ./Drivers/BSP/STM32G4xx_Nucleo/stm32g4xx_nucleo.o
                0x080015c4                BSP_PB_Callback
 *fill*         0x080015da        0x2 
 .text.BSP_COM_Init
                0x080015dc       0x60 ./Drivers/BSP/STM32G4xx_Nucleo/stm32g4xx_nucleo.o
                0x080015dc                BSP_COM_Init
 .text.MX_LPUART1_Init
                0x0800163c       0x64 ./Drivers/BSP/STM32G4xx_Nucleo/stm32g4xx_nucleo.o
                0x0800163c                MX_LPUART1_Init
 .text.BUTTON_USER_EXTI_Callback
                0x080016a0        0xe ./Drivers/BSP/STM32G4xx_Nucleo/stm32g4xx_nucleo.o
 *fill*         0x080016ae        0x2 
 .text.COM1_MspInit
                0x080016b0       0x98 ./Drivers/BSP/STM32G4xx_Nucleo/stm32g4xx_nucleo.o
 .text.HAL_Init
                0x08001748       0x30 ./Drivers/STM32G4xx_HAL_Driver/Src/stm32g4xx_hal.o
                0x08001748                HAL_Init
 .text.HAL_InitTick
                0x08001778       0x74 ./Drivers/STM32G4xx_HAL_Driver/Src/stm32g4xx_hal.o
                0x08001778                HAL_InitTick
 .text.HAL_IncTick
                0x080017ec       0x24 ./Drivers/STM32G4xx_HAL_Driver/Src/stm32g4xx_hal.o
                0x080017ec                HAL_IncTick
 .text.HAL_GetTick
                0x08001810       0x18 ./Drivers/STM32G4xx_HAL_Driver/Src/stm32g4xx_hal.o
                0x08001810                HAL_GetTick
 .text.LL_ADC_SetCommonClock
                0x08001828       0x26 ./Drivers/STM32G4xx_HAL_Driver/Src/stm32g4xx_hal_adc.o
 .text.LL_ADC_SetCommonPathInternalCh
                0x0800184e       0x26 ./Drivers/STM32G4xx_HAL_Driver/Src/stm32g4xx_hal_adc.o
 .text.LL_ADC_GetCommonPathInternalCh
                0x08001874       0x1c ./Drivers/STM32G4xx_HAL_Driver/Src/stm32g4xx_hal_adc.o
 .text.LL_ADC_SetOffset
                0x08001890       0x48 ./Drivers/STM32G4xx_HAL_Driver/Src/stm32g4xx_hal_adc.o
 .text.LL_ADC_GetOffsetChannel
                0x080018d8       0x2c ./Drivers/STM32G4xx_HAL_Driver/Src/stm32g4xx_hal_adc.o
 .text.LL_ADC_SetOffsetState
                0x08001904       0x36 ./Drivers/STM32G4xx_HAL_Driver/Src/stm32g4xx_hal_adc.o
 .text.LL_ADC_SetOffsetSign
                0x0800193a       0x36 ./Drivers/STM32G4xx_HAL_Driver/Src/stm32g4xx_hal_adc.o
 .text.LL_ADC_SetOffsetSaturation
                0x08001970       0x36 ./Drivers/STM32G4xx_HAL_Driver/Src/stm32g4xx_hal_adc.o
 .text.LL_ADC_SetSamplingTimeCommonConfig
                0x080019a6       0x26 ./Drivers/STM32G4xx_HAL_Driver/Src/stm32g4xx_hal_adc.o
 .text.LL_ADC_REG_SetSequencerRanks
                0x080019cc       0x58 ./Drivers/STM32G4xx_HAL_Driver/Src/stm32g4xx_hal_adc.o
 .text.LL_ADC_SetChannelSamplingTime
                0x08001a24       0x56 ./Drivers/STM32G4xx_HAL_Driver/Src/stm32g4xx_hal_adc.o
 *fill*         0x08001a7a        0x2 
 .text.LL_ADC_SetChannelSingleDiff
                0x08001a7c       0x48 ./Drivers/STM32G4xx_HAL_Driver/Src/stm32g4xx_hal_adc.o
 .text.LL_ADC_GetMultimode
                0x08001ac4       0x1c ./Drivers/STM32G4xx_HAL_Driver/Src/stm32g4xx_hal_adc.o
 .text.LL_ADC_DisableDeepPowerDown
                0x08001ae0       0x24 ./Drivers/STM32G4xx_HAL_Driver/Src/stm32g4xx_hal_adc.o
 .text.LL_ADC_IsDeepPowerDownEnabled
                0x08001b04       0x28 ./Drivers/STM32G4xx_HAL_Driver/Src/stm32g4xx_hal_adc.o
 .text.LL_ADC_EnableInternalRegulator
                0x08001b2c       0x28 ./Drivers/STM32G4xx_HAL_Driver/Src/stm32g4xx_hal_adc.o
 .text.LL_ADC_IsInternalRegulatorEnabled
                0x08001b54       0x28 ./Drivers/STM32G4xx_HAL_Driver/Src/stm32g4xx_hal_adc.o
 .text.LL_ADC_Enable
                0x08001b7c       0x28 ./Drivers/STM32G4xx_HAL_Driver/Src/stm32g4xx_hal_adc.o
 .text.LL_ADC_IsEnabled
                0x08001ba4       0x26 ./Drivers/STM32G4xx_HAL_Driver/Src/stm32g4xx_hal_adc.o
 .text.LL_ADC_REG_StartConversion
                0x08001bca       0x28 ./Drivers/STM32G4xx_HAL_Driver/Src/stm32g4xx_hal_adc.o
 .text.LL_ADC_REG_IsConversionOngoing
                0x08001bf2       0x26 ./Drivers/STM32G4xx_HAL_Driver/Src/stm32g4xx_hal_adc.o
 .text.LL_ADC_INJ_IsConversionOngoing
                0x08001c18       0x26 ./Drivers/STM32G4xx_HAL_Driver/Src/stm32g4xx_hal_adc.o
 *fill*         0x08001c3e        0x2 
 .text.HAL_ADC_Init
                0x08001c40      0x35c ./Drivers/STM32G4xx_HAL_Driver/Src/stm32g4xx_hal_adc.o
                0x08001c40                HAL_ADC_Init
 .text.HAL_ADC_Start_IT
                0x08001f9c      0x27c ./Drivers/STM32G4xx_HAL_Driver/Src/stm32g4xx_hal_adc.o
                0x08001f9c                HAL_ADC_Start_IT
 .text.HAL_ADC_ConfigChannel
                0x08002218      0x858 ./Drivers/STM32G4xx_HAL_Driver/Src/stm32g4xx_hal_adc.o
                0x08002218                HAL_ADC_ConfigChannel
 .text.ADC_Enable
                0x08002a70      0x12c ./Drivers/STM32G4xx_HAL_Driver/Src/stm32g4xx_hal_adc.o
                0x08002a70                ADC_Enable
 .text.LL_ADC_IsEnabled
                0x08002b9c       0x26 ./Drivers/STM32G4xx_HAL_Driver/Src/stm32g4xx_hal_adc_ex.o
 .text.LL_ADC_REG_IsConversionOngoing
                0x08002bc2       0x26 ./Drivers/STM32G4xx_HAL_Driver/Src/stm32g4xx_hal_adc_ex.o
 .text.HAL_ADCEx_MultiModeConfigChannel
                0x08002be8      0x1d0 ./Drivers/STM32G4xx_HAL_Driver/Src/stm32g4xx_hal_adc_ex.o
                0x08002be8                HAL_ADCEx_MultiModeConfigChannel
 .text.__NVIC_SetPriorityGrouping
                0x08002db8       0x48 ./Drivers/STM32G4xx_HAL_Driver/Src/stm32g4xx_hal_cortex.o
 .text.__NVIC_GetPriorityGrouping
                0x08002e00       0x1c ./Drivers/STM32G4xx_HAL_Driver/Src/stm32g4xx_hal_cortex.o
 .text.__NVIC_EnableIRQ
                0x08002e1c       0x3c ./Drivers/STM32G4xx_HAL_Driver/Src/stm32g4xx_hal_cortex.o
 .text.__NVIC_SetPriority
                0x08002e58       0x54 ./Drivers/STM32G4xx_HAL_Driver/Src/stm32g4xx_hal_cortex.o
 .text.NVIC_EncodePriority
                0x08002eac       0x66 ./Drivers/STM32G4xx_HAL_Driver/Src/stm32g4xx_hal_cortex.o
 *fill*         0x08002f12        0x2 
 .text.SysTick_Config
                0x08002f14       0x44 ./Drivers/STM32G4xx_HAL_Driver/Src/stm32g4xx_hal_cortex.o
 .text.HAL_NVIC_SetPriorityGrouping
                0x08002f58       0x16 ./Drivers/STM32G4xx_HAL_Driver/Src/stm32g4xx_hal_cortex.o
                0x08002f58                HAL_NVIC_SetPriorityGrouping
 .text.HAL_NVIC_SetPriority
                0x08002f6e       0x34 ./Drivers/STM32G4xx_HAL_Driver/Src/stm32g4xx_hal_cortex.o
                0x08002f6e                HAL_NVIC_SetPriority
 .text.HAL_NVIC_EnableIRQ
                0x08002fa2       0x1c ./Drivers/STM32G4xx_HAL_Driver/Src/stm32g4xx_hal_cortex.o
                0x08002fa2                HAL_NVIC_EnableIRQ
 .text.HAL_SYSTICK_Config
                0x08002fbe       0x18 ./Drivers/STM32G4xx_HAL_Driver/Src/stm32g4xx_hal_cortex.o
                0x08002fbe                HAL_SYSTICK_Config
 *fill*         0x08002fd6        0x2 
 .text.HAL_DMA_Init
                0x08002fd8      0x150 ./Drivers/STM32G4xx_HAL_Driver/Src/stm32g4xx_hal_dma.o
                0x08002fd8                HAL_DMA_Init
 .text.HAL_DMA_IRQHandler
                0x08003128      0x15e ./Drivers/STM32G4xx_HAL_Driver/Src/stm32g4xx_hal_dma.o
                0x08003128                HAL_DMA_IRQHandler
 *fill*         0x08003286        0x2 
 .text.DMA_CalcDMAMUXChannelBaseAndMask
                0x08003288       0x90 ./Drivers/STM32G4xx_HAL_Driver/Src/stm32g4xx_hal_dma.o
 .text.DMA_CalcDMAMUXRequestGenBaseAndMask
                0x08003318       0x4c ./Drivers/STM32G4xx_HAL_Driver/Src/stm32g4xx_hal_dma.o
 .text.HAL_EXTI_RegisterCallback
                0x08003364       0x3a ./Drivers/STM32G4xx_HAL_Driver/Src/stm32g4xx_hal_exti.o
                0x08003364                HAL_EXTI_RegisterCallback
 .text.HAL_EXTI_GetHandle
                0x0800339e       0x28 ./Drivers/STM32G4xx_HAL_Driver/Src/stm32g4xx_hal_exti.o
                0x0800339e                HAL_EXTI_GetHandle
 *fill*         0x080033c6        0x2 
 .text.HAL_GPIO_Init
                0x080033c8      0x318 ./Drivers/STM32G4xx_HAL_Driver/Src/stm32g4xx_hal_gpio.o
                0x080033c8                HAL_GPIO_Init
 .text.HAL_GPIO_ReadPin
                0x080036e0       0x30 ./Drivers/STM32G4xx_HAL_Driver/Src/stm32g4xx_hal_gpio.o
                0x080036e0                HAL_GPIO_ReadPin
 .text.HAL_GPIO_WritePin
                0x08003710       0x30 ./Drivers/STM32G4xx_HAL_Driver/Src/stm32g4xx_hal_gpio.o
                0x08003710                HAL_GPIO_WritePin
 .text.HAL_GPIO_EXTI_IRQHandler
                0x08003740       0x30 ./Drivers/STM32G4xx_HAL_Driver/Src/stm32g4xx_hal_gpio.o
                0x08003740                HAL_GPIO_EXTI_IRQHandler
 .text.HAL_GPIO_EXTI_Callback
                0x08003770       0x16 ./Drivers/STM32G4xx_HAL_Driver/Src/stm32g4xx_hal_gpio.o
                0x08003770                HAL_GPIO_EXTI_Callback
 *fill*         0x08003786        0x2 
 .text.HAL_I2C_Master_Transmit
                0x08003788      0x230 ./Drivers/STM32G4xx_HAL_Driver/Src/stm32g4xx_hal_i2c.o
                0x08003788                HAL_I2C_Master_Transmit
 .text.HAL_I2C_Master_Receive
                0x080039b8      0x1ec ./Drivers/STM32G4xx_HAL_Driver/Src/stm32g4xx_hal_i2c.o
                0x080039b8                HAL_I2C_Master_Receive
 .text.I2C_Flush_TXDR
                0x08003ba4       0x48 ./Drivers/STM32G4xx_HAL_Driver/Src/stm32g4xx_hal_i2c.o
 .text.I2C_WaitOnFlagUntilTimeout
                0x08003bec       0xb2 ./Drivers/STM32G4xx_HAL_Driver/Src/stm32g4xx_hal_i2c.o
 .text.I2C_WaitOnTXISFlagUntilTimeout
                0x08003c9e       0x8e ./Drivers/STM32G4xx_HAL_Driver/Src/stm32g4xx_hal_i2c.o
 .text.I2C_WaitOnSTOPFlagUntilTimeout
                0x08003d2c       0x86 ./Drivers/STM32G4xx_HAL_Driver/Src/stm32g4xx_hal_i2c.o
 *fill*         0x08003db2        0x2 
 .text.I2C_WaitOnRXNEFlagUntilTimeout
                0x08003db4      0x118 ./Drivers/STM32G4xx_HAL_Driver/Src/stm32g4xx_hal_i2c.o
 .text.I2C_IsErrorOccurred
                0x08003ecc      0x1c0 ./Drivers/STM32G4xx_HAL_Driver/Src/stm32g4xx_hal_i2c.o
 .text.I2C_TransferConfig
                0x0800408c       0x64 ./Drivers/STM32G4xx_HAL_Driver/Src/stm32g4xx_hal_i2c.o
 .text.HAL_PWREx_ControlVoltageScaling
                0x080040f0      0x148 ./Drivers/STM32G4xx_HAL_Driver/Src/stm32g4xx_hal_pwr_ex.o
                0x080040f0                HAL_PWREx_ControlVoltageScaling
 .text.HAL_PWREx_DisableUCPDDeadBattery
                0x08004238       0x20 ./Drivers/STM32G4xx_HAL_Driver/Src/stm32g4xx_hal_pwr_ex.o
                0x08004238                HAL_PWREx_DisableUCPDDeadBattery
 .text.HAL_RCC_OscConfig
                0x08004258      0x624 ./Drivers/STM32G4xx_HAL_Driver/Src/stm32g4xx_hal_rcc.o
                0x08004258                HAL_RCC_OscConfig
 .text.HAL_RCC_ClockConfig
                0x0800487c      0x278 ./Drivers/STM32G4xx_HAL_Driver/Src/stm32g4xx_hal_rcc.o
                0x0800487c                HAL_RCC_ClockConfig
 .text.HAL_RCC_GetSysClockFreq
                0x08004af4       0xc4 ./Drivers/STM32G4xx_HAL_Driver/Src/stm32g4xx_hal_rcc.o
                0x08004af4                HAL_RCC_GetSysClockFreq
 .text.HAL_RCC_GetHCLKFreq
                0x08004bb8       0x18 ./Drivers/STM32G4xx_HAL_Driver/Src/stm32g4xx_hal_rcc.o
                0x08004bb8                HAL_RCC_GetHCLKFreq
 .text.HAL_RCC_GetPCLK1Freq
                0x08004bd0       0x2c ./Drivers/STM32G4xx_HAL_Driver/Src/stm32g4xx_hal_rcc.o
                0x08004bd0                HAL_RCC_GetPCLK1Freq
 .text.HAL_RCC_GetPCLK2Freq
                0x08004bfc       0x2c ./Drivers/STM32G4xx_HAL_Driver/Src/stm32g4xx_hal_rcc.o
                0x08004bfc                HAL_RCC_GetPCLK2Freq
 .text.RCC_GetSysClockFreqFromPLLSource
                0x08004c28       0x8c ./Drivers/STM32G4xx_HAL_Driver/Src/stm32g4xx_hal_rcc.o
 .text.HAL_RCCEx_PeriphCLKConfig
                0x08004cb4      0x478 ./Drivers/STM32G4xx_HAL_Driver/Src/stm32g4xx_hal_rcc_ex.o
                0x08004cb4                HAL_RCCEx_PeriphCLKConfig
 .text.HAL_TIM_Base_Init
                0x0800512c       0xae ./Drivers/STM32G4xx_HAL_Driver/Src/stm32g4xx_hal_tim.o
                0x0800512c                HAL_TIM_Base_Init
 *fill*         0x080051da        0x2 
 .text.HAL_TIM_Base_Start
                0x080051dc       0xd0 ./Drivers/STM32G4xx_HAL_Driver/Src/stm32g4xx_hal_tim.o
                0x080051dc                HAL_TIM_Base_Start
 .text.HAL_TIM_PWM_Init
                0x080052ac       0xae ./Drivers/STM32G4xx_HAL_Driver/Src/stm32g4xx_hal_tim.o
                0x080052ac                HAL_TIM_PWM_Init
 .text.HAL_TIM_PWM_MspInit
                0x0800535a       0x14 ./Drivers/STM32G4xx_HAL_Driver/Src/stm32g4xx_hal_tim.o
                0x0800535a                HAL_TIM_PWM_MspInit
 *fill*         0x0800536e        0x2 
 .text.HAL_TIM_PWM_Start
                0x08005370      0x218 ./Drivers/STM32G4xx_HAL_Driver/Src/stm32g4xx_hal_tim.o
                0x08005370                HAL_TIM_PWM_Start
 .text.HAL_TIM_PWM_ConfigChannel
                0x08005588      0x228 ./Drivers/STM32G4xx_HAL_Driver/Src/stm32g4xx_hal_tim.o
                0x08005588                HAL_TIM_PWM_ConfigChannel
 .text.HAL_TIM_ConfigClockSource
                0x080057b0      0x208 ./Drivers/STM32G4xx_HAL_Driver/Src/stm32g4xx_hal_tim.o
                0x080057b0                HAL_TIM_ConfigClockSource
 .text.TIM_Base_SetConfig
                0x080059b8      0x148 ./Drivers/STM32G4xx_HAL_Driver/Src/stm32g4xx_hal_tim.o
                0x080059b8                TIM_Base_SetConfig
 .text.TIM_OC1_SetConfig
                0x08005b00      0x138 ./Drivers/STM32G4xx_HAL_Driver/Src/stm32g4xx_hal_tim.o
 .text.TIM_OC2_SetConfig
                0x08005c38      0x12c ./Drivers/STM32G4xx_HAL_Driver/Src/stm32g4xx_hal_tim.o
                0x08005c38                TIM_OC2_SetConfig
 .text.TIM_OC3_SetConfig
                0x08005d64      0x128 ./Drivers/STM32G4xx_HAL_Driver/Src/stm32g4xx_hal_tim.o
 .text.TIM_OC4_SetConfig
                0x08005e8c      0x12c ./Drivers/STM32G4xx_HAL_Driver/Src/stm32g4xx_hal_tim.o
 .text.TIM_OC5_SetConfig
                0x08005fb8       0xd4 ./Drivers/STM32G4xx_HAL_Driver/Src/stm32g4xx_hal_tim.o
 .text.TIM_OC6_SetConfig
                0x0800608c       0xd8 ./Drivers/STM32G4xx_HAL_Driver/Src/stm32g4xx_hal_tim.o
 .text.TIM_TI1_ConfigInputStage
                0x08006164       0xb4 ./Drivers/STM32G4xx_HAL_Driver/Src/stm32g4xx_hal_tim.o
 .text.TIM_TI2_ConfigInputStage
                0x08006218       0x90 ./Drivers/STM32G4xx_HAL_Driver/Src/stm32g4xx_hal_tim.o
 .text.TIM_ITRx_SetConfig
                0x080062a8       0x3a ./Drivers/STM32G4xx_HAL_Driver/Src/stm32g4xx_hal_tim.o
 .text.TIM_ETR_SetConfig
                0x080062e2       0x40 ./Drivers/STM32G4xx_HAL_Driver/Src/stm32g4xx_hal_tim.o
                0x080062e2                TIM_ETR_SetConfig
 .text.TIM_CCxChannelCmd
                0x08006322       0x4a ./Drivers/STM32G4xx_HAL_Driver/Src/stm32g4xx_hal_tim.o
                0x08006322                TIM_CCxChannelCmd
 .text.HAL_TIMEx_PWMN_Start
                0x0800636c      0x174 ./Drivers/STM32G4xx_HAL_Driver/Src/stm32g4xx_hal_tim_ex.o
                0x0800636c                HAL_TIMEx_PWMN_Start
 .text.HAL_TIMEx_MasterConfigSynchronization
                0x080064e0      0x11c ./Drivers/STM32G4xx_HAL_Driver/Src/stm32g4xx_hal_tim_ex.o
                0x080064e0                HAL_TIMEx_MasterConfigSynchronization
 .text.HAL_TIMEx_ConfigBreakDeadTime
                0x080065fc      0x128 ./Drivers/STM32G4xx_HAL_Driver/Src/stm32g4xx_hal_tim_ex.o
                0x080065fc                HAL_TIMEx_ConfigBreakDeadTime
 .text.TIM_CCxNChannelCmd
                0x08006724       0x4a ./Drivers/STM32G4xx_HAL_Driver/Src/stm32g4xx_hal_tim_ex.o
 .text.HAL_UART_Init
                0x0800676e       0xa0 ./Drivers/STM32G4xx_HAL_Driver/Src/stm32g4xx_hal_uart.o
                0x0800676e                HAL_UART_Init
 .text.HAL_UART_MspInit
                0x0800680e       0x14 ./Drivers/STM32G4xx_HAL_Driver/Src/stm32g4xx_hal_uart.o
                0x0800680e                HAL_UART_MspInit
 *fill*         0x08006822        0x2 
 .text.UART_SetConfig
                0x08006824      0x5f8 ./Drivers/STM32G4xx_HAL_Driver/Src/stm32g4xx_hal_uart.o
                0x08006824                UART_SetConfig
 .text.UART_AdvFeatureConfig
                0x08006e1c      0x144 ./Drivers/STM32G4xx_HAL_Driver/Src/stm32g4xx_hal_uart.o
                0x08006e1c                UART_AdvFeatureConfig
 .text.UART_CheckIdleState
                0x08006f60      0x154 ./Drivers/STM32G4xx_HAL_Driver/Src/stm32g4xx_hal_uart.o
                0x08006f60                UART_CheckIdleState
 .text.UART_WaitOnFlagUntilTimeout
                0x080070b4       0xda ./Drivers/STM32G4xx_HAL_Driver/Src/stm32g4xx_hal_uart.o
                0x080070b4                UART_WaitOnFlagUntilTimeout
 .text.UART_EndRxTransfer
                0x0800718e       0xcc ./Drivers/STM32G4xx_HAL_Driver/Src/stm32g4xx_hal_uart.o
 .text.memset   0x0800725a       0x10 D:/stm32/STM32CubeIDE_2.0.0/STM32CubeIDE/plugins/com.st.stm32cube.ide.mcu.externaltools.gnu-tools-for-stm32.13.3.rel1.win32_1.0.100.202509120712/tools/bin/../lib/gcc/arm-none-eabi/13.3.1/../../../../arm-none-eabi/lib/thumb/v7e-m+fp/hard\libc_nano.a(libc_a-memset.o)
                0x0800725a                memset
 *fill*         0x0800726a        0x2 
 .text.__libc_init_array
                0x0800726c       0x48 D:/stm32/STM32CubeIDE_2.0.0/STM32CubeIDE/plugins/com.st.stm32cube.ide.mcu.externaltools.gnu-tools-for-stm32.13.3.rel1.win32_1.0.100.202509120712/tools/bin/../lib/gcc/arm-none-eabi/13.3.1/../../../../arm-none-eabi/lib/thumb/v7e-m+fp/hard\libc_nano.a(libc_a-init.o)
                0x0800726c                __libc_init_array
 *(.glue_7)
 .glue_7        0x080072b4        0x0 linker stubs
 *(.glue_7t)
 .glue_7t       0x080072b4        0x0 linker stubs
 *(.eh_frame)
 .eh_frame      0x080072b4        0x0 D:/stm32/STM32CubeIDE_2.0.0/STM32CubeIDE/plugins/com.st.stm32cube.ide.mcu.externaltools.gnu-tools-for-stm32.13.3.rel1.win32_1.0.100.202509120712/tools/bin/../lib/gcc/arm-none-eabi/13.3.1/thumb/v7e-m+fp/hard/crtbegin.o
 *(.init)
 .init          0x080072b4        0x4 D:/stm32/STM32CubeIDE_2.0.0/STM32CubeIDE/plugins/com.st.stm32cube.ide.mcu.externaltools.gnu-tools-for-stm32.13.3.rel1.win32_1.0.100.202509120712/tools/bin/../lib/gcc/arm-none-eabi/13.3.1/thumb/v7e-m+fp/hard/crti.o
                0x080072b4                _init
 .init          0x080072b8        0x8 D:/stm32/STM32CubeIDE_2.0.0/STM32CubeIDE/plugins/com.st.stm32cube.ide.mcu.externaltools.gnu-tools-for-stm32.13.3.rel1.win32_1.0.100.202509120712/tools/bin/../lib/gcc/arm-none-eabi/13.3.1/thumb/v7e-m+fp/hard/crtn.o
 *(.fini)
 .fini          0x080072c0        0x4 D:/stm32/STM32CubeIDE_2.0.0/STM32CubeIDE/plugins/com.st.stm32cube.ide.mcu.externaltools.gnu-tools-for-stm32.13.3.rel1.win32_1.0.100.202509120712/tools/bin/../lib/gcc/arm-none-eabi/13.3.1/thumb/v7e-m+fp/hard/crti.o
                0x080072c0                _fini
 .fini          0x080072c4        0x8 D:/stm32/STM32CubeIDE_2.0.0/STM32CubeIDE/plugins/com.st.stm32cube.ide.mcu.externaltools.gnu-tools-for-stm32.13.3.rel1.win32_1.0.100.202509120712/tools/bin/../lib/gcc/arm-none-eabi/13.3.1/thumb/v7e-m+fp/hard/crtn.o
                0x080072cc                        . = ALIGN (0x4)
                0x080072cc                        _etext = .

.vfp11_veneer   0x080072cc        0x0
 .vfp11_veneer  0x080072cc        0x0 linker stubs

.v4_bx          0x080072cc        0x0
 .v4_bx         0x080072cc        0x0 linker stubs

.iplt           0x080072cc        0x0
 .iplt          0x080072cc        0x0 D:/stm32/STM32CubeIDE_2.0.0/STM32CubeIDE/plugins/com.st.stm32cube.ide.mcu.externaltools.gnu-tools-for-stm32.13.3.rel1.win32_1.0.100.202509120712/tools/bin/../lib/gcc/arm-none-eabi/13.3.1/thumb/v7e-m+fp/hard/crtbegin.o

.rodata         0x080072cc       0x34
                0x080072cc                        . = ALIGN (0x4)
 *(.rodata)
 *(.rodata*)
 .rodata.AHBPrescTable
                0x080072cc       0x10 ./Core/Src/system_stm32g4xx.o
                0x080072cc                AHBPrescTable
 .rodata.APBPrescTable
                0x080072dc        0x8 ./Core/Src/system_stm32g4xx.o
                0x080072dc                APBPrescTable
 .rodata.BUTTON_EXTI_LINE.2
                0x080072e4        0x4 ./Drivers/BSP/STM32G4xx_Nucleo/stm32g4xx_nucleo.o
 .rodata.UARTPrescTable
                0x080072e8       0x18 ./Drivers/STM32G4xx_HAL_Driver/Src/stm32g4xx_hal_uart.o
                0x080072e8                UARTPrescTable
                0x08007300                        . = ALIGN (0x4)

.ARM.extab      0x08007300        0x0
                0x08007300                        . = ALIGN (0x4)
 *(.ARM.extab* .gnu.linkonce.armextab.*)
                0x08007300                        . = ALIGN (0x4)

.ARM            0x08007300        0x8
                0x08007300                        . = ALIGN (0x4)
                0x08007300                        __exidx_start = .
 *(.ARM.exidx*)
 .ARM.exidx     0x08007300        0x8 D:/stm32/STM32CubeIDE_2.0.0/STM32CubeIDE/plugins/com.st.stm32cube.ide.mcu.externaltools.gnu-tools-for-stm32.13.3.rel1.win32_1.0.100.202509120712/tools/bin/../lib/gcc/arm-none-eabi/13.3.1/thumb/v7e-m+fp/hard\libgcc.a(_udivmoddi4.o)
                0x08007308                        __exidx_end = .
                0x08007308                        . = ALIGN (0x4)

.preinit_array  0x08007308        0x0
                0x08007308                        . = ALIGN (0x4)
                0x08007308                        PROVIDE (__preinit_array_start = .)
 *(.preinit_array*)
                0x08007308                        PROVIDE (__preinit_array_end = .)
                0x08007308                        . = ALIGN (0x4)

.init_array     0x08007308        0x4
                0x08007308                        . = ALIGN (0x4)
                0x08007308                        PROVIDE (__init_array_start = .)
 *(SORT_BY_NAME(.init_array.*))
 *(.init_array*)
 .init_array    0x08007308        0x4 D:/stm32/STM32CubeIDE_2.0.0/STM32CubeIDE/plugins/com.st.stm32cube.ide.mcu.externaltools.gnu-tools-for-stm32.13.3.rel1.win32_1.0.100.202509120712/tools/bin/../lib/gcc/arm-none-eabi/13.3.1/thumb/v7e-m+fp/hard/crtbegin.o
                0x0800730c                        PROVIDE (__init_array_end = .)
                0x0800730c                        . = ALIGN (0x4)

.fini_array     0x0800730c        0x4
                0x0800730c                        . = ALIGN (0x4)
                [!provide]                        PROVIDE (__fini_array_start = .)
 *(SORT_BY_NAME(.fini_array.*))
 *(.fini_array*)
 .fini_array    0x0800730c        0x4 D:/stm32/STM32CubeIDE_2.0.0/STM32CubeIDE/plugins/com.st.stm32cube.ide.mcu.externaltools.gnu-tools-for-stm32.13.3.rel1.win32_1.0.100.202509120712/tools/bin/../lib/gcc/arm-none-eabi/13.3.1/thumb/v7e-m+fp/hard/crtbegin.o
                [!provide]                        PROVIDE (__fini_array_end = .)
                0x08007310                        . = ALIGN (0x4)
                0x08007310                        _sidata = LOADADDR (.data)

.rel.dyn        0x08007310        0x0
 .rel.iplt      0x08007310        0x0 D:/stm32/STM32CubeIDE_2.0.0/STM32CubeIDE/plugins/com.st.stm32cube.ide.mcu.externaltools.gnu-tools-for-stm32.13.3.rel1.win32_1.0.100.202509120712/tools/bin/../lib/gcc/arm-none-eabi/13.3.1/thumb/v7e-m+fp/hard/crtbegin.o

.data           0x20000000       0x20 load address 0x08007310
                0x20000000                        . = ALIGN (0x4)
                0x20000000                        _sdata = .
 *(.data)
 *(.data*)
 .data.SystemCoreClock
                0x20000000        0x4 ./Core/Src/system_stm32g4xx.o
                0x20000000                SystemCoreClock
 .data.LED_PORT
                0x20000004        0x4 ./Drivers/BSP/STM32G4xx_Nucleo/stm32g4xx_nucleo.o
 .data.BUTTON_PORT
                0x20000008        0x4 ./Drivers/BSP/STM32G4xx_Nucleo/stm32g4xx_nucleo.o
 .data.COM_USART
                0x2000000c        0x4 ./Drivers/BSP/STM32G4xx_Nucleo/stm32g4xx_nucleo.o
 .data.ButtonCallback.1
                0x20000010        0x4 ./Drivers/BSP/STM32G4xx_Nucleo/stm32g4xx_nucleo.o
 .data.BSP_BUTTON_PRIO.0
                0x20000014        0x4 ./Drivers/BSP/STM32G4xx_Nucleo/stm32g4xx_nucleo.o
 .data.uwTickPrio
                0x20000018        0x4 ./Drivers/STM32G4xx_HAL_Driver/Src/stm32g4xx_hal.o
                0x20000018                uwTickPrio
 .data.uwTickFreq
                0x2000001c        0x4 ./Drivers/STM32G4xx_HAL_Driver/Src/stm32g4xx_hal.o
                0x2000001c                uwTickFreq
 *(.RamFunc)
 *(.RamFunc*)
                0x20000020                        . = ALIGN (0x4)
                0x20000020                        _edata = .

.igot.plt       0x20000020        0x0 load address 0x08007330
 .igot.plt      0x20000020        0x0 D:/stm32/STM32CubeIDE_2.0.0/STM32CubeIDE/plugins/com.st.stm32cube.ide.mcu.externaltools.gnu-tools-for-stm32.13.3.rel1.win32_1.0.100.202509120712/tools/bin/../lib/gcc/arm-none-eabi/13.3.1/thumb/v7e-m+fp/hard/crtbegin.o
                0x20000020                        . = ALIGN (0x4)

.bss            0x20000020      0x2ac load address 0x08007330
                0x20000020                        _sbss = .
                0x20000020                        __bss_start__ = _sbss
 *(.bss)
 .bss           0x20000020       0x1c D:/stm32/STM32CubeIDE_2.0.0/STM32CubeIDE/plugins/com.st.stm32cube.ide.mcu.externaltools.gnu-tools-for-stm32.13.3.rel1.win32_1.0.100.202509120712/tools/bin/../lib/gcc/arm-none-eabi/13.3.1/thumb/v7e-m+fp/hard/crtbegin.o
 *(.bss*)
 .bss.last_hall_state
                0x2000003c        0x1 ./Core/Src/commutation.o
 *fill*         0x2000003d        0x3 
 .bss.BspCOMInit
                0x20000040       0x10 ./Core/Src/main.o
                0x20000040                BspCOMInit
 .bss.hadc1     0x20000050       0x6c ./Core/Src/main.o
                0x20000050                hadc1
 .bss.hdma_adc1
                0x200000bc       0x60 ./Core/Src/main.o
                0x200000bc                hdma_adc1
 .bss.hi2c1     0x2000011c       0x54 ./Core/Src/main.o
                0x2000011c                hi2c1
 .bss.htim1     0x20000170       0x4c ./Core/Src/main.o
                0x20000170                htim1
 .bss.htim3     0x200001bc       0x4c ./Core/Src/main.o
                0x200001bc                htim3
 .bss.throttle_filtered
                0x20000208        0x4 ./Core/Src/motor_control.o
 .bss.filtered_current
                0x2000020c        0x4 ./Core/Src/motor_control.o
 .bss.duty      0x20000210        0x2 ./Core/Src/motor_control.o
 *fill*         0x20000212        0x2 
 .bss.fault_flags
                0x20000214        0x4 ./Core/Src/safety.o
 .bss.brake_active
                0x20000218        0x1 ./Core/Src/safety.o
 .bss.fault_active
                0x20000219        0x1 ./Core/Src/safety.o
 *fill*         0x2000021a        0x2 
 .bss.adc_buffer
                0x2000021c        0x8 ./Core/Src/sensors.o
 .bss.throttle_raw
                0x20000224        0x2 ./Core/Src/sensors.o
                0x20000224                throttle_raw
 .bss.current_raw
                0x20000226        0x2 ./Core/Src/sensors.o
 .bss.temperature_c
                0x20000228        0x4 ./Core/Src/sensors.o
 .bss.hpb_exti  0x2000022c        0x8 ./Drivers/BSP/STM32G4xx_Nucleo/stm32g4xx_nucleo.o
                0x2000022c                hpb_exti
 .bss.hcom_uart
                0x20000234       0x94 ./Drivers/BSP/STM32G4xx_Nucleo/stm32g4xx_nucleo.o
                0x20000234                hcom_uart
 .bss.uwTick    0x200002c8        0x4 ./Drivers/STM32G4xx_HAL_Driver/Src/stm32g4xx_hal.o
                0x200002c8                uwTick
 *(COMMON)
                0x200002cc                        . = ALIGN (0x4)
                0x200002cc                        _ebss = .
                0x200002cc                        __bss_end__ = _ebss

._user_heap_stack
                0x200002cc      0x604 load address 0x08007330
                0x200002d0                        . = ALIGN (0x8)
 *fill*         0x200002cc        0x4 
                [!provide]                        PROVIDE (end = .)
                0x200002d0                        PROVIDE (_end = .)
                0x200004d0                        . = (. + _Min_Heap_Size)
 *fill*         0x200002d0      0x200 
                0x200008d0                        . = (. + _Min_Stack_Size)
 *fill*         0x200004d0      0x400 
                0x200008d0                        . = ALIGN (0x8)

/DISCARD/
 libc.a(*)
 libm.a(*)
 libgcc.a(*)

.ARM.attributes
                0x00000000       0x30
 *(.ARM.attributes)
 .ARM.attributes
                0x00000000       0x22 D:/stm32/STM32CubeIDE_2.0.0/STM32CubeIDE/plugins/com.st.stm32cube.ide.mcu.externaltools.gnu-tools-for-stm32.13.3.rel1.win32_1.0.100.202509120712/tools/bin/../lib/gcc/arm-none-eabi/13.3.1/thumb/v7e-m+fp/hard/crti.o
 .ARM.attributes
                0x00000022       0x34 D:/stm32/STM32CubeIDE_2.0.0/STM32CubeIDE/plugins/com.st.stm32cube.ide.mcu.externaltools.gnu-tools-for-stm32.13.3.rel1.win32_1.0.100.202509120712/tools/bin/../lib/gcc/arm-none-eabi/13.3.1/thumb/v7e-m+fp/hard/crtbegin.o
 .ARM.attributes
                0x00000056       0x34 ./Core/Src/bench_runner.o
 .ARM.attributes
                0x0000008a       0x34 ./Core/Src/commutation.o
 .ARM.attributes
                0x000000be       0x34 ./Core/Src/main.o
 .ARM.attributes
                0x000000f2       0x34 ./Core/Src/motor_control.o
 .ARM.attributes
                0x00000126       0x34 ./Core/Src/safety.o
 .ARM.attributes
                0x0000015a       0x34 ./Core/Src/sensors.o
 .ARM.attributes
                0x0000018e       0x34 ./Core/Src/stm32g4xx_hal_msp.o
 .ARM.attributes
                0x000001c2       0x34 ./Core/Src/stm32g4xx_it.o
 .ARM.attributes
                0x000001f6       0x34 ./Core/Src/system_stm32g4xx.o
 .ARM.attributes
                0x0000022a       0x21 ./Core/Startup/startup_stm32g491retx.o
 .ARM.attributes
                0x0000024b       0x34 ./Drivers/BSP/STM32G4xx_Nucleo/stm32g4xx_nucleo.o
 .ARM.attributes
                0x0000027f       0x34 ./Drivers/STM32G4xx_HAL_Driver/Src/stm32g4xx_hal.o
 .ARM.attributes
                0x000002b3       0x34 ./Drivers/STM32G4xx_HAL_Driver/Src/stm32g4xx_hal_adc.o
 .ARM.attributes
                0x000002e7       0x34 ./Drivers/STM32G4xx_HAL_Driver/Src/stm32g4xx_hal_adc_ex.o
 .ARM.attributes
                0x0000031b       0x34 ./Drivers/STM32G4xx_HAL_Driver/Src/stm32g4xx_hal_cortex.o
 .ARM.attributes
                0x0000034f       0x34 ./Drivers/STM32G4xx_HAL_Driver/Src/stm32g4xx_hal_dma.o
 .ARM.attributes
                0x00000383       0x34 ./Drivers/STM32G4xx_HAL_Driver/Src/stm32g4xx_hal_exti.o
 .ARM.attributes
                0x000003b7       0x34 ./Drivers/STM32G4xx_HAL_Driver/Src/stm32g4xx_hal_gpio.o
 .ARM.attributes
                0x000003eb       0x34 ./Drivers/STM32G4xx_HAL_Driver/Src/stm32g4xx_hal_i2c.o
 .ARM.attributes
                0x0000041f       0x34 ./Drivers/STM32G4xx_HAL_Driver/Src/stm32g4xx_hal_pwr_ex.o
 .ARM.attributes
                0x00000453       0x34 ./Drivers/STM32G4xx_HAL_Driver/Src/stm32g4xx_hal_rcc.o
 .ARM.attributes
                0x00000487       0x34 ./Drivers/STM32G4xx_HAL_Driver/Src/stm32g4xx_hal_rcc_ex.o
 .ARM.attributes
                0x000004bb       0x34 ./Drivers/STM32G4xx_HAL_Driver/Src/stm32g4xx_hal_tim.o
 .ARM.attributes
                0x000004ef       0x34 ./Drivers/STM32G4xx_HAL_Driver/Src/stm32g4xx_hal_tim_ex.o
 .ARM.attributes
                0x00000523       0x34 ./Drivers/STM32G4xx_HAL_Driver/Src/stm32g4xx_hal_uart.o
 .ARM.attributes
                0x00000557       0x34 D:/stm32/STM32CubeIDE_2.0.0/STM32CubeIDE/plugins/com.st.stm32cube.ide.mcu.externaltools.gnu-tools-for-stm32.13.3.rel1.win32_1.0.100.202509120712/tools/bin/../lib/gcc/arm-none-eabi/13.3.1/../../../../arm-none-eabi/lib/thumb/v7e-m+fp/hard\libc_nano.a(libc_a-memset.o)
 .ARM.attributes
                0x0000058b       0x34 D:/stm32/STM32CubeIDE_2.0.0/STM32CubeIDE/plugins/com.st.stm32cube.ide.mcu.externaltools.gnu-tools-for-stm32.13.3.rel1.win32_1.0.100.202509120712/tools/bin/../lib/gcc/arm-none-eabi/13.3.1/../../../../arm-none-eabi/lib/thumb/v7e-m+fp/hard\libc_nano.a(libc_a-init.o)
 .ARM.attributes
                0x000005bf       0x22 D:/stm32/STM32CubeIDE_2.0.0/STM32CubeIDE/plugins/com.st.stm32cube.ide.mcu.externaltools.gnu-tools-for-stm32.13.3.rel1.win32_1.0.100.202509120712/tools/bin/../lib/gcc/arm-none-eabi/13.3.1/thumb/v7e-m+fp/hard\libgcc.a(_aeabi_uldivmod.o)
 .ARM.attributes
                0x000005e1       0x34 D:/stm32/STM32CubeIDE_2.0.0/STM32CubeIDE/plugins/com.st.stm32cube.ide.mcu.externaltools.gnu-tools-for-stm32.13.3.rel1.win32_1.0.100.202509120712/tools/bin/../lib/gcc/arm-none-eabi/13.3.1/thumb/v7e-m+fp/hard\libgcc.a(_udivmoddi4.o)
 .ARM.attributes
                0x00000615       0x22 D:/stm32/STM32CubeIDE_2.0.0/STM32CubeIDE/plugins/com.st.stm32cube.ide.mcu.externaltools.gnu-tools-for-stm32.13.3.rel1.win32_1.0.100.202509120712/tools/bin/../lib/gcc/arm-none-eabi/13.3.1/thumb/v7e-m+fp/hard\libgcc.a(_dvmd_tls.o)
 .ARM.attributes
                0x00000637       0x22 D:/stm32/STM32CubeIDE_2.0.0/STM32CubeIDE/plugins/com.st.stm32cube.ide.mcu.externaltools.gnu-tools-for-stm32.13.3.rel1.win32_1.0.100.202509120712/tools/bin/../lib/gcc/arm-none-eabi/13.3.1/thumb/v7e-m+fp/hard/crtn.o
OUTPUT(escyeni.elf elf32-littlearm)
LOAD linker stubs
LOAD D:/stm32/STM32CubeIDE_2.0.0/STM32CubeIDE/plugins/com.st.stm32cube.ide.mcu.externaltools.gnu-tools-for-stm32.13.3.rel1.win32_1.0.100.202509120712/tools/bin/../lib/gcc/arm-none-eabi/13.3.1/../../../../arm-none-eabi/lib/thumb/v7e-m+fp/hard\libc.a
LOAD D:/stm32/STM32CubeIDE_2.0.0/STM32CubeIDE/plugins/com.st.stm32cube.ide.mcu.externaltools.gnu-tools-for-stm32.13.3.rel1.win32_1.0.100.202509120712/tools/bin/../lib/gcc/arm-none-eabi/13.3.1/../../../../arm-none-eabi/lib/thumb/v7e-m+fp/hard\libm.a
LOAD D:/stm32/STM32CubeIDE_2.0.0/STM32CubeIDE/plugins/com.st.stm32cube.ide.mcu.externaltools.gnu-tools-for-stm32.13.3.rel1.win32_1.0.100.202509120712/tools/bin/../lib/gcc/arm-none-eabi/13.3.1/thumb/v7e-m+fp/hard\libgcc.a

.debug_info     0x00000000    0x1bc7a
 .debug_info    0x00000000      0x140 ./Core/Src/bench_runner.o
 .debug_info    0x00000140      0xa31 ./Core/Src/commutation.o
 .debug_info    0x00000b71     0x24e1 ./Core/Src/main.o
 .debug_info    0x00003052      0x19e ./Core/Src/motor_control.o
 .debug_info    0x000031f0      0x293 ./Core/Src/safety.o
 .debug_info    0x00003483      0x8a5 ./Core/Src/sensors.o
 .debug_info    0x00003d28     0x1bac ./Core/Src/stm32g4xx_hal_msp.o
 .debug_info    0x000058d4      0x4d4 ./Core/Src/stm32g4xx_it.o
 .debug_info    0x00005da8      0x58e ./Core/Src/system_stm32g4xx.o
 .debug_info    0x00006336       0x30 ./Core/Startup/startup_stm32g491retx.o
 .debug_info    0x00006366     0x16f6 ./Drivers/BSP/STM32G4xx_Nucleo/stm32g4xx_nucleo.o
 .debug_info    0x00007a5c      0xb29 ./Drivers/STM32G4xx_HAL_Driver/Src/stm32g4xx_hal.o
 .debug_info    0x00008585     0x2063 ./Drivers/STM32G4xx_HAL_Driver/Src/stm32g4xx_hal_adc.o
 .debug_info    0x0000a5e8     0x1d80 ./Drivers/STM32G4xx_HAL_Driver/Src/stm32g4xx_hal_adc_ex.o
 .debug_info    0x0000c368      0xd8d ./Drivers/STM32G4xx_HAL_Driver/Src/stm32g4xx_hal_cortex.o
 .debug_info    0x0000d0f5      0x85f ./Drivers/STM32G4xx_HAL_Driver/Src/stm32g4xx_hal_dma.o
 .debug_info    0x0000d954      0x65f ./Drivers/STM32G4xx_HAL_Driver/Src/stm32g4xx_hal_exti.o
 .debug_info    0x0000dfb3      0x772 ./Drivers/STM32G4xx_HAL_Driver/Src/stm32g4xx_hal_gpio.o
 .debug_info    0x0000e725     0x21ea ./Drivers/STM32G4xx_HAL_Driver/Src/stm32g4xx_hal_i2c.o
 .debug_info    0x0001090f      0x944 ./Drivers/STM32G4xx_HAL_Driver/Src/stm32g4xx_hal_pwr_ex.o
 .debug_info    0x00011253      0xb9b ./Drivers/STM32G4xx_HAL_Driver/Src/stm32g4xx_hal_rcc.o
 .debug_info    0x00011dee      0xc51 ./Drivers/STM32G4xx_HAL_Driver/Src/stm32g4xx_hal_rcc_ex.o
 .debug_info    0x00012a3f     0x2c52 ./Drivers/STM32G4xx_HAL_Driver/Src/stm32g4xx_hal_tim.o
 .debug_info    0x00015691     0x1d95 ./Drivers/STM32G4xx_HAL_Driver/Src/stm32g4xx_hal_tim_ex.o
 .debug_info    0x00017426     0x4854 ./Drivers/STM32G4xx_HAL_Driver/Src/stm32g4xx_hal_uart.o

.debug_abbrev   0x00000000     0x35e4
 .debug_abbrev  0x00000000       0xc8 ./Core/Src/bench_runner.o
 .debug_abbrev  0x000000c8      0x287 ./Core/Src/commutation.o
 .debug_abbrev  0x0000034f      0x35b ./Core/Src/main.o
 .debug_abbrev  0x000006aa       0xc7 ./Core/Src/motor_control.o
 .debug_abbrev  0x00000771      0x15a ./Core/Src/safety.o
 .debug_abbrev  0x000008cb      0x1f7 ./Core/Src/sensors.o
 .debug_abbrev  0x00000ac2      0x2a8 ./Core/Src/stm32g4xx_hal_msp.o
 .debug_abbrev  0x00000d6a      0x16a ./Core/Src/stm32g4xx_it.o
 .debug_abbrev  0x00000ed4      0x11a ./Core/Src/system_stm32g4xx.o
 .debug_abbrev  0x00000fee       0x24 ./Core/Startup/startup_stm32g491retx.o
 .debug_abbrev  0x00001012      0x2fb ./Drivers/BSP/STM32G4xx_Nucleo/stm32g4xx_nucleo.o
 .debug_abbrev  0x0000130d      0x271 ./Drivers/STM32G4xx_HAL_Driver/Src/stm32g4xx_hal.o
 .debug_abbrev  0x0000157e      0x2d3 ./Drivers/STM32G4xx_HAL_Driver/Src/stm32g4xx_hal_adc.o
 .debug_abbrev  0x00001851      0x2ee ./Drivers/STM32G4xx_HAL_Driver/Src/stm32g4xx_hal_adc_ex.o
 .debug_abbrev  0x00001b3f      0x31c ./Drivers/STM32G4xx_HAL_Driver/Src/stm32g4xx_hal_cortex.o
 .debug_abbrev  0x00001e5b      0x1e2 ./Drivers/STM32G4xx_HAL_Driver/Src/stm32g4xx_hal_dma.o
 .debug_abbrev  0x0000203d      0x1b1 ./Drivers/STM32G4xx_HAL_Driver/Src/stm32g4xx_hal_exti.o
 .debug_abbrev  0x000021ee      0x1d2 ./Drivers/STM32G4xx_HAL_Driver/Src/stm32g4xx_hal_gpio.o
 .debug_abbrev  0x000023c0      0x25e ./Drivers/STM32G4xx_HAL_Driver/Src/stm32g4xx_hal_i2c.o
 .debug_abbrev  0x0000261e      0x22c ./Drivers/STM32G4xx_HAL_Driver/Src/stm32g4xx_hal_pwr_ex.o
 .debug_abbrev  0x0000284a      0x2c9 ./Drivers/STM32G4xx_HAL_Driver/Src/stm32g4xx_hal_rcc.o
 .debug_abbrev  0x00002b13      0x261 ./Drivers/STM32G4xx_HAL_Driver/Src/stm32g4xx_hal_rcc_ex.o
 .debug_abbrev  0x00002d74      0x2a7 ./Drivers/STM32G4xx_HAL_Driver/Src/stm32g4xx_hal_tim.o
 .debug_abbrev  0x0000301b      0x2c5 ./Drivers/STM32G4xx_HAL_Driver/Src/stm32g4xx_hal_tim_ex.o
 .debug_abbrev  0x000032e0      0x304 ./Drivers/STM32G4xx_HAL_Driver/Src/stm32g4xx_hal_uart.o

.debug_aranges  0x00000000     0x1908
 .debug_aranges
                0x00000000       0x30 ./Core/Src/bench_runner.o
 .debug_aranges
                0x00000030       0x60 ./Core/Src/commutation.o
 .debug_aranges
                0x00000090       0x68 ./Core/Src/main.o
 .debug_aranges
                0x000000f8       0x38 ./Core/Src/motor_control.o
 .debug_aranges
                0x00000130       0x40 ./Core/Src/safety.o
 .debug_aranges
                0x00000170       0x48 ./Core/Src/sensors.o
 .debug_aranges
                0x000001b8       0x68 ./Core/Src/stm32g4xx_hal_msp.o
 .debug_aranges
                0x00000220       0x80 ./Core/Src/stm32g4xx_it.o
 .debug_aranges
                0x000002a0       0x28 ./Core/Src/system_stm32g4xx.o
 .debug_aranges
                0x000002c8       0x28 ./Core/Startup/startup_stm32g491retx.o
 .debug_aranges
                0x000002f0       0xc8 ./Drivers/BSP/STM32G4xx_Nucleo/stm32g4xx_nucleo.o
 .debug_aranges
                0x000003b8      0x148 ./Drivers/STM32G4xx_HAL_Driver/Src/stm32g4xx_hal.o
 .debug_aranges
                0x00000500      0x248 ./Drivers/STM32G4xx_HAL_Driver/Src/stm32g4xx_hal_adc.o
 .debug_aranges
                0x00000748      0x1c0 ./Drivers/STM32G4xx_HAL_Driver/Src/stm32g4xx_hal_adc_ex.o
 .debug_aranges
                0x00000908      0x128 ./Drivers/STM32G4xx_HAL_Driver/Src/stm32g4xx_hal_cortex.o
 .debug_aranges
                0x00000a30       0x90 ./Drivers/STM32G4xx_HAL_Driver/Src/stm32g4xx_hal_dma.o
 .debug_aranges
                0x00000ac0       0x60 ./Drivers/STM32G4xx_HAL_Driver/Src/stm32g4xx_hal_exti.o
 .debug_aranges
                0x00000b20       0x58 ./Drivers/STM32G4xx_HAL_Driver/Src/stm32g4xx_hal_gpio.o
 .debug_aranges
                0x00000b78      0x2a0 ./Drivers/STM32G4xx_HAL_Driver/Src/stm32g4xx_hal_i2c.o
 .debug_aranges
                0x00000e18      0x140 ./Drivers/STM32G4xx_HAL_Driver/Src/stm32g4xx_hal_pwr_ex.o
 .debug_aranges
                0x00000f58       0x98 ./Drivers/STM32G4xx_HAL_Driver/Src/stm32g4xx_hal_rcc.o
 .debug_aranges
                0x00000ff0       0xb0 ./Drivers/STM32G4xx_HAL_Driver/Src/stm32g4xx_hal_rcc_ex.o
 .debug_aranges
                0x000010a0      0x3e0 ./Drivers/STM32G4xx_HAL_Driver/Src/stm32g4xx_hal_tim.o
 .debug_aranges
                0x00001480      0x240 ./Drivers/STM32G4xx_HAL_Driver/Src/stm32g4xx_hal_tim_ex.o
 .debug_aranges
                0x000016c0      0x248 ./Drivers/STM32G4xx_HAL_Driver/Src/stm32g4xx_hal_uart.o

.debug_rnglists
                0x00000000     0x1386
 .debug_rnglists
                0x00000000       0x1f ./Core/Src/bench_runner.o
 .debug_rnglists
                0x0000001f       0x44 ./Core/Src/commutation.o
 .debug_rnglists
                0x00000063       0x51 ./Core/Src/main.o
 .debug_rnglists
                0x000000b4       0x26 ./Core/Src/motor_control.o
 .debug_rnglists
                0x000000da       0x2c ./Core/Src/safety.o
 .debug_rnglists
                0x00000106       0x32 ./Core/Src/sensors.o
 .debug_rnglists
                0x00000138       0x4d ./Core/Src/stm32g4xx_hal_msp.o
 .debug_rnglists
                0x00000185       0x5b ./Core/Src/stm32g4xx_it.o
 .debug_rnglists
                0x000001e0       0x1a ./Core/Src/system_stm32g4xx.o
 .debug_rnglists
                0x000001fa       0x19 ./Core/Startup/startup_stm32g491retx.o
 .debug_rnglists
                0x00000213       0x93 ./Drivers/BSP/STM32G4xx_Nucleo/stm32g4xx_nucleo.o
 .debug_rnglists
                0x000002a6       0xf1 ./Drivers/STM32G4xx_HAL_Driver/Src/stm32g4xx_hal.o
 .debug_rnglists
                0x00000397      0x1c0 ./Drivers/STM32G4xx_HAL_Driver/Src/stm32g4xx_hal_adc.o
 .debug_rnglists
                0x00000557      0x15a ./Drivers/STM32G4xx_HAL_Driver/Src/stm32g4xx_hal_adc_ex.o
 .debug_rnglists
                0x000006b1       0xda ./Drivers/STM32G4xx_HAL_Driver/Src/stm32g4xx_hal_cortex.o
 .debug_rnglists
                0x0000078b       0x72 ./Drivers/STM32G4xx_HAL_Driver/Src/stm32g4xx_hal_dma.o
 .debug_rnglists
                0x000007fd       0x46 ./Drivers/STM32G4xx_HAL_Driver/Src/stm32g4xx_hal_exti.o
 .debug_rnglists
                0x00000843       0x3f ./Drivers/STM32G4xx_HAL_Driver/Src/stm32g4xx_hal_gpio.o
 .debug_rnglists
                0x00000882      0x228 ./Drivers/STM32G4xx_HAL_Driver/Src/stm32g4xx_hal_i2c.o
 .debug_rnglists
                0x00000aaa       0xf1 ./Drivers/STM32G4xx_HAL_Driver/Src/stm32g4xx_hal_pwr_ex.o
 .debug_rnglists
                0x00000b9b       0x74 ./Drivers/STM32G4xx_HAL_Driver/Src/stm32g4xx_hal_rcc.o
 .debug_rnglists
                0x00000c0f       0x87 ./Drivers/STM32G4xx_HAL_Driver/Src/stm32g4xx_hal_rcc_ex.o
 .debug_rnglists
                0x00000c96      0x32d ./Drivers/STM32G4xx_HAL_Driver/Src/stm32g4xx_hal_tim.o
 .debug_rnglists
                0x00000fc3      0x1cc ./Drivers/STM32G4xx_HAL_Driver/Src/stm32g4xx_hal_tim_ex.o
 .debug_rnglists
                0x0000118f      0x1f7 ./Drivers/STM32G4xx_HAL_Driver/Src/stm32g4xx_hal_uart.o

.debug_macro    0x00000000    0x23279
 .debug_macro   0x00000000       0x94 ./Core/Src/bench_runner.o
 .debug_macro   0x00000094      0xade ./Core/Src/bench_runner.o
 .debug_macro   0x00000b72       0x22 ./Core/Src/bench_runner.o
 .debug_macro   0x00000b94       0x8e ./Core/Src/bench_runner.o
 .debug_macro   0x00000c22       0x51 ./Core/Src/bench_runner.o
 .debug_macro   0x00000c73      0x103 ./Core/Src/bench_runner.o
 .debug_macro   0x00000d76       0x6a ./Core/Src/bench_runner.o
 .debug_macro   0x00000de0      0x1df ./Core/Src/bench_runner.o
 .debug_macro   0x00000fbf       0x22 ./Core/Src/bench_runner.o
 .debug_macro   0x00000fe1      0x33e ./Core/Src/commutation.o
 .debug_macro   0x0000131f      0x16d ./Core/Src/commutation.o
 .debug_macro   0x0000148c       0x2e ./Core/Src/commutation.o
 .debug_macro   0x000014ba       0x28 ./Core/Src/commutation.o
 .debug_macro   0x000014e2       0x1c ./Core/Src/commutation.o
 .debug_macro   0x000014fe       0x22 ./Core/Src/commutation.o
 .debug_macro   0x00001520       0xfb ./Core/Src/commutation.o
 .debug_macro   0x0000161b     0x1011 ./Core/Src/commutation.o
 .debug_macro   0x0000262c      0x11f ./Core/Src/commutation.o
 .debug_macro   0x0000274b    0x11e7f ./Core/Src/commutation.o
 .debug_macro   0x000145ca       0x6d ./Core/Src/commutation.o
 .debug_macro   0x00014637     0x3558 ./Core/Src/commutation.o
 .debug_macro   0x00017b8f      0x190 ./Core/Src/commutation.o
 .debug_macro   0x00017d1f       0x5c ./Core/Src/commutation.o
 .debug_macro   0x00017d7b     0x1535 ./Core/Src/commutation.o
 .debug_macro   0x000192b0      0x5cf ./Core/Src/commutation.o
 .debug_macro   0x0001987f      0x1b6 ./Core/Src/commutation.o
 .debug_macro   0x00019a35      0x2d0 ./Core/Src/commutation.o
 .debug_macro   0x00019d05      0x4a2 ./Core/Src/commutation.o
 .debug_macro   0x0001a1a7      0x18b ./Core/Src/commutation.o
 .debug_macro   0x0001a332       0x43 ./Core/Src/commutation.o
 .debug_macro   0x0001a375      0x23d ./Core/Src/commutation.o
 .debug_macro   0x0001a5b2     0x1111 ./Core/Src/commutation.o
 .debug_macro   0x0001b6c3      0x72e ./Core/Src/commutation.o
 .debug_macro   0x0001bdf1      0x391 ./Core/Src/commutation.o
 .debug_macro   0x0001c182      0x211 ./Core/Src/commutation.o
 .debug_macro   0x0001c393      0x6bd ./Core/Src/commutation.o
 .debug_macro   0x0001ca50      0x416 ./Core/Src/commutation.o
 .debug_macro   0x0001ce66      0x10e ./Core/Src/commutation.o
 .debug_macro   0x0001cf74      0x22c ./Core/Src/commutation.o
 .debug_macro   0x0001d1a0       0x61 ./Core/Src/commutation.o
 .debug_macro   0x0001d201       0xa5 ./Core/Src/commutation.o
 .debug_macro   0x0001d2a6      0x122 ./Core/Src/commutation.o
 .debug_macro   0x0001d3c8      0x3d1 ./Core/Src/commutation.o
 .debug_macro   0x0001d799      0xbe8 ./Core/Src/commutation.o
 .debug_macro   0x0001e381      0x4ee ./Core/Src/commutation.o
 .debug_macro   0x0001e86f      0x693 ./Core/Src/commutation.o
 .debug_macro   0x0001ef02       0xa6 ./Core/Src/commutation.o
 .debug_macro   0x0001efa8      0x321 ./Core/Src/commutation.o
 .debug_macro   0x0001f2c9       0x52 ./Core/Src/commutation.o
 .debug_macro   0x0001f31b       0x22 ./Core/Src/commutation.o
 .debug_macro   0x0001f33d      0x100 ./Core/Src/commutation.o
 .debug_macro   0x0001f43d       0x61 ./Core/Src/commutation.o
 .debug_macro   0x0001f49e       0x2a ./Core/Src/commutation.o
 .debug_macro   0x0001f4c8       0x43 ./Core/Src/commutation.o
 .debug_macro   0x0001f50b       0x34 ./Core/Src/commutation.o
 .debug_macro   0x0001f53f       0x16 ./Core/Src/commutation.o
 .debug_macro   0x0001f555       0x3c ./Core/Src/commutation.o
 .debug_macro   0x0001f591      0x370 ./Core/Src/commutation.o
 .debug_macro   0x0001f901       0x10 ./Core/Src/commutation.o
 .debug_macro   0x0001f911       0x16 ./Core/Src/commutation.o
 .debug_macro   0x0001f927       0x4a ./Core/Src/commutation.o
 .debug_macro   0x0001f971       0x34 ./Core/Src/commutation.o
 .debug_macro   0x0001f9a5       0x10 ./Core/Src/commutation.o
 .debug_macro   0x0001f9b5       0x58 ./Core/Src/commutation.o
 .debug_macro   0x0001fa0d       0x8e ./Core/Src/commutation.o
 .debug_macro   0x0001fa9b       0x1c ./Core/Src/commutation.o
 .debug_macro   0x0001fab7      0x185 ./Core/Src/commutation.o
 .debug_macro   0x0001fc3c       0x16 ./Core/Src/commutation.o
 .debug_macro   0x0001fc52       0x16 ./Core/Src/commutation.o
 .debug_macro   0x0001fc68      0x146 ./Core/Src/commutation.o
 .debug_macro   0x0001fdae       0x58 ./Core/Src/commutation.o
 .debug_macro   0x0001fe06      0x34d ./Core/Src/main.o
 .debug_macro   0x00020153       0x9b ./Core/Src/motor_control.o
 .debug_macro   0x000201ee      0x34d ./Core/Src/safety.o
 .debug_macro   0x0002053b       0x1c ./Core/Src/safety.o
 .debug_macro   0x00020557      0x332 ./Core/Src/sensors.o
 .debug_macro   0x00020889      0x31c ./Core/Src/stm32g4xx_hal_msp.o
 .debug_macro   0x00020ba5      0x326 ./Core/Src/stm32g4xx_it.o
 .debug_macro   0x00020ecb      0x214 ./Core/Src/system_stm32g4xx.o
 .debug_macro   0x000210df      0x241 ./Drivers/BSP/STM32G4xx_Nucleo/stm32g4xx_nucleo.o
 .debug_macro   0x00021320       0x1c ./Drivers/BSP/STM32G4xx_Nucleo/stm32g4xx_nucleo.o
 .debug_macro   0x0002133c      0x262 ./Drivers/STM32G4xx_HAL_Driver/Src/stm32g4xx_hal.o
 .debug_macro   0x0002159e      0x231 ./Drivers/STM32G4xx_HAL_Driver/Src/stm32g4xx_hal_adc.o
 .debug_macro   0x000217cf      0x220 ./Drivers/STM32G4xx_HAL_Driver/Src/stm32g4xx_hal_adc_ex.o
 .debug_macro   0x000219ef      0x214 ./Drivers/STM32G4xx_HAL_Driver/Src/stm32g4xx_hal_cortex.o
 .debug_macro   0x00021c03      0x214 ./Drivers/STM32G4xx_HAL_Driver/Src/stm32g4xx_hal_dma.o
 .debug_macro   0x00021e17      0x220 ./Drivers/STM32G4xx_HAL_Driver/Src/stm32g4xx_hal_exti.o
 .debug_macro   0x00022037      0x21b ./Drivers/STM32G4xx_HAL_Driver/Src/stm32g4xx_hal_gpio.o
 .debug_macro   0x00022252      0x2e0 ./Drivers/STM32G4xx_HAL_Driver/Src/stm32g4xx_hal_i2c.o
 .debug_macro   0x00022532      0x23e ./Drivers/STM32G4xx_HAL_Driver/Src/stm32g4xx_hal_pwr_ex.o
 .debug_macro   0x00022770      0x256 ./Drivers/STM32G4xx_HAL_Driver/Src/stm32g4xx_hal_rcc.o
 .debug_macro   0x000229c6      0x23e ./Drivers/STM32G4xx_HAL_Driver/Src/stm32g4xx_hal_rcc_ex.o
 .debug_macro   0x00022c04      0x21c ./Drivers/STM32G4xx_HAL_Driver/Src/stm32g4xx_hal_tim.o
 .debug_macro   0x00022e20      0x21a ./Drivers/STM32G4xx_HAL_Driver/Src/stm32g4xx_hal_tim_ex.o
 .debug_macro   0x0002303a      0x23f ./Drivers/STM32G4xx_HAL_Driver/Src/stm32g4xx_hal_uart.o

.debug_line     0x00000000    0x1e386
 .debug_line    0x00000000      0x4d1 ./Core/Src/bench_runner.o
 .debug_line    0x000004d1      0xb05 ./Core/Src/commutation.o
 .debug_line    0x00000fd6      0xde7 ./Core/Src/main.o
 .debug_line    0x00001dbd      0x51a ./Core/Src/motor_control.o
 .debug_line    0x000022d7      0xa6b ./Core/Src/safety.o
 .debug_line    0x00002d42      0xa7a ./Core/Src/sensors.o
 .debug_line    0x000037bc      0xba4 ./Core/Src/stm32g4xx_hal_msp.o
 .debug_line    0x00004360      0xad3 ./Core/Src/stm32g4xx_it.o
 .debug_line    0x00004e33      0x86f ./Core/Src/system_stm32g4xx.o
 .debug_line    0x000056a2       0x7b ./Core/Startup/startup_stm32g491retx.o
 .debug_line    0x0000571d      0xb97 ./Drivers/BSP/STM32G4xx_Nucleo/stm32g4xx_nucleo.o
 .debug_line    0x000062b4      0xc3b ./Drivers/STM32G4xx_HAL_Driver/Src/stm32g4xx_hal.o
 .debug_line    0x00006eef     0x224e ./Drivers/STM32G4xx_HAL_Driver/Src/stm32g4xx_hal_adc.o
 .debug_line    0x0000913d     0x1be1 ./Drivers/STM32G4xx_HAL_Driver/Src/stm32g4xx_hal_adc_ex.o
 .debug_line    0x0000ad1e      0xda0 ./Drivers/STM32G4xx_HAL_Driver/Src/stm32g4xx_hal_cortex.o
 .debug_line    0x0000babe      0xf50 ./Drivers/STM32G4xx_HAL_Driver/Src/stm32g4xx_hal_dma.o
 .debug_line    0x0000ca0e      0xb7b ./Drivers/STM32G4xx_HAL_Driver/Src/stm32g4xx_hal_exti.o
 .debug_line    0x0000d589      0xc27 ./Drivers/STM32G4xx_HAL_Driver/Src/stm32g4xx_hal_gpio.o
 .debug_line    0x0000e1b0     0x37db ./Drivers/STM32G4xx_HAL_Driver/Src/stm32g4xx_hal_i2c.o
 .debug_line    0x0001198b      0xd9a ./Drivers/STM32G4xx_HAL_Driver/Src/stm32g4xx_hal_pwr_ex.o
 .debug_line    0x00012725     0x10be ./Drivers/STM32G4xx_HAL_Driver/Src/stm32g4xx_hal_rcc.o
 .debug_line    0x000137e3     0x12f5 ./Drivers/STM32G4xx_HAL_Driver/Src/stm32g4xx_hal_rcc_ex.o
 .debug_line    0x00014ad8     0x413e ./Drivers/STM32G4xx_HAL_Driver/Src/stm32g4xx_hal_tim.o
 .debug_line    0x00018c16     0x20d3 ./Drivers/STM32G4xx_HAL_Driver/Src/stm32g4xx_hal_tim_ex.o
 .debug_line    0x0001ace9     0x369d ./Drivers/STM32G4xx_HAL_Driver/Src/stm32g4xx_hal_uart.o

.debug_str      0x00000000    0xeb27d
 .debug_str     0x00000000    0xeb27d ./Core/Src/bench_runner.o
                               0x3f55 (size before relaxing)
 .debug_str     0x000eb27d        0x0 ./Core/Src/commutation.o
                              0xe3946 (size before relaxing)
 .debug_str     0x000eb27d        0x0 ./Core/Src/main.o
                              0xe50a8 (size before relaxing)
 .debug_str     0x000eb27d        0x0 ./Core/Src/motor_control.o
                               0x3f33 (size before relaxing)
 .debug_str     0x000eb27d        0x0 ./Core/Src/safety.o
                              0xe33ae (size before relaxing)
 .debug_str     0x000eb27d        0x0 ./Core/Src/sensors.o
                              0xe3872 (size before relaxing)
 .debug_str     0x000eb27d        0x0 ./Core/Src/stm32g4xx_hal_msp.o
                              0xe4486 (size before relaxing)
 .debug_str     0x000eb27d        0x0 ./Core/Src/stm32g4xx_it.o
                              0xe358e (size before relaxing)
 .debug_str     0x000eb27d        0x0 ./Core/Src/system_stm32g4xx.o
                              0xdf2c3 (size before relaxing)
 .debug_str     0x000eb27d        0x0 ./Core/Startup/startup_stm32g491retx.o
                                 0x59 (size before relaxing)
 .debug_str     0x000eb27d        0x0 ./Drivers/BSP/STM32G4xx_Nucleo/stm32g4xx_nucleo.o
                              0xe0a9e (size before relaxing)
 .debug_str     0x000eb27d        0x0 ./Drivers/STM32G4xx_HAL_Driver/Src/stm32g4xx_hal.o
                              0xdfece (size before relaxing)
 .debug_str     0x000eb27d        0x0 ./Drivers/STM32G4xx_HAL_Driver/Src/stm32g4xx_hal_adc.o
                              0xe02f0 (size before relaxing)
 .debug_str     0x000eb27d        0x0 ./Drivers/STM32G4xx_HAL_Driver/Src/stm32g4xx_hal_adc_ex.o
                              0xe0296 (size before relaxing)
 .debug_str     0x000eb27d        0x0 ./Drivers/STM32G4xx_HAL_Driver/Src/stm32g4xx_hal_cortex.o
                              0xdfb8a (size before relaxing)
 .debug_str     0x000eb27d        0x0 ./Drivers/STM32G4xx_HAL_Driver/Src/stm32g4xx_hal_dma.o
                              0xdf69d (size before relaxing)
 .debug_str     0x000eb27d        0x0 ./Drivers/STM32G4xx_HAL_Driver/Src/stm32g4xx_hal_exti.o
                              0xdf35d (size before relaxing)
 .debug_str     0x000eb27d        0x0 ./Drivers/STM32G4xx_HAL_Driver/Src/stm32g4xx_hal_gpio.o
                              0xdf44e (size before relaxing)
 .debug_str     0x000eb27d        0x0 ./Drivers/STM32G4xx_HAL_Driver/Src/stm32g4xx_hal_i2c.o
                              0xe05cd (size before relaxing)
 .debug_str     0x000eb27d        0x0 ./Drivers/STM32G4xx_HAL_Driver/Src/stm32g4xx_hal_pwr_ex.o
                              0xdf7b1 (size before relaxing)
 .debug_str     0x000eb27d        0x0 ./Drivers/STM32G4xx_HAL_Driver/Src/stm32g4xx_hal_rcc.o
                              0xdf9bc (size before relaxing)
 .debug_str     0x000eb27d        0x0 ./Drivers/STM32G4xx_HAL_Driver/Src/stm32g4xx_hal_rcc_ex.o
                              0xdf9f9 (size before relaxing)
 .debug_str     0x000eb27d        0x0 ./Drivers/STM32G4xx_HAL_Driver/Src/stm32g4xx_hal_tim.o
                              0xe07c1 (size before relaxing)
 .debug_str     0x000eb27d        0x0 ./Drivers/STM32G4xx_HAL_Driver/Src/stm32g4xx_hal_tim_ex.o
                              0xe0435 (size before relaxing)
 .debug_str     0x000eb27d        0x0 ./Drivers/STM32G4xx_HAL_Driver/Src/stm32g4xx_hal_uart.o
                              0xe027e (size before relaxing)

.comment        0x00000000       0x43
 .comment       0x00000000       0x43 ./Core/Src/bench_runner.o
                                 0x44 (size before relaxing)
 .comment       0x00000043        0x0 ./Core/Src/commutation.o
                                 0x44 (size before relaxing)
 .comment       0x00000043        0x0 ./Core/Src/main.o
                                 0x44 (size before relaxing)
 .comment       0x00000043        0x0 ./Core/Src/motor_control.o
                                 0x44 (size before relaxing)
 .comment       0x00000043        0x0 ./Core/Src/safety.o
                                 0x44 (size before relaxing)
 .comment       0x00000043        0x0 ./Core/Src/sensors.o
                                 0x44 (size before relaxing)
 .comment       0x00000043        0x0 ./Core/Src/stm32g4xx_hal_msp.o
                                 0x44 (size before relaxing)
 .comment       0x00000043        0x0 ./Core/Src/stm32g4xx_it.o
                                 0x44 (size before relaxing)
 .comment       0x00000043        0x0 ./Core/Src/system_stm32g4xx.o
                                 0x44 (size before relaxing)
 .comment       0x00000043        0x0 ./Drivers/BSP/STM32G4xx_Nucleo/stm32g4xx_nucleo.o
                                 0x44 (size before relaxing)
 .comment       0x00000043        0x0 ./Drivers/STM32G4xx_HAL_Driver/Src/stm32g4xx_hal.o
                                 0x44 (size before relaxing)
 .comment       0x00000043        0x0 ./Drivers/STM32G4xx_HAL_Driver/Src/stm32g4xx_hal_adc.o
                                 0x44 (size before relaxing)
 .comment       0x00000043        0x0 ./Drivers/STM32G4xx_HAL_Driver/Src/stm32g4xx_hal_adc_ex.o
                                 0x44 (size before relaxing)
 .comment       0x00000043        0x0 ./Drivers/STM32G4xx_HAL_Driver/Src/stm32g4xx_hal_cortex.o
                                 0x44 (size before relaxing)
 .comment       0x00000043        0x0 ./Drivers/STM32G4xx_HAL_Driver/Src/stm32g4xx_hal_dma.o
                                 0x44 (size before relaxing)
 .comment       0x00000043        0x0 ./Drivers/STM32G4xx_HAL_Driver/Src/stm32g4xx_hal_exti.o
                                 0x44 (size before relaxing)
 .comment       0x00000043        0x0 ./Drivers/STM32G4xx_HAL_Driver/Src/stm32g4xx_hal_gpio.o
                                 0x44 (size before relaxing)
 .comment       0x00000043        0x0 ./Drivers/STM32G4xx_HAL_Driver/Src/stm32g4xx_hal_i2c.o
                                 0x44 (size before relaxing)
 .comment       0x00000043        0x0 ./Drivers/STM32G4xx_HAL_Driver/Src/stm32g4xx_hal_pwr_ex.o
                                 0x44 (size before relaxing)
 .comment       0x00000043        0x0 ./Drivers/STM32G4xx_HAL_Driver/Src/stm32g4xx_hal_rcc.o
                                 0x44 (size before relaxing)
 .comment       0x00000043        0x0 ./Drivers/STM32G4xx_HAL_Driver/Src/stm32g4xx_hal_rcc_ex.o
                                 0x44 (size before relaxing)
 .comment       0x00000043        0x0 ./Drivers/STM32G4xx_HAL_Driver/Src/stm32g4xx_hal_tim.o
                                 0x44 (size before relaxing)
 .comment       0x00000043        0x0 ./Drivers/STM32G4xx_HAL_Driver/Src/stm32g4xx_hal_tim_ex.o
                                 0x44 (size before relaxing)
 .comment       0x00000043        0x0 ./Drivers/STM32G4xx_HAL_Driver/Src/stm32g4xx_hal_uart.o
                                 0x44 (size before relaxing)

.debug_frame    0x00000000     0x6b54
 .debug_frame   0x00000000       0x70 ./Core/Src/bench_runner.o
 .debug_frame   0x00000070      0x144 ./Core/Src/commutation.o
 .debug_frame   0x000001b4      0x154 ./Core/Src/main.o
 .debug_frame   0x00000308       0x94 ./Core/Src/motor_control.o
 .debug_frame   0x0000039c       0xb4 ./Core/Src/safety.o
 .debug_frame   0x00000450       0xd4 ./Core/Src/sensors.o
 .debug_frame   0x00000524      0x18c ./Core/Src/stm32g4xx_hal_msp.o
 .debug_frame   0x000006b0      0x174 ./Core/Src/stm32g4xx_it.o
 .debug_frame   0x00000824       0x58 ./Core/Src/system_stm32g4xx.o
 .debug_frame   0x0000087c      0x31c ./Drivers/BSP/STM32G4xx_Nucleo/stm32g4xx_nucleo.o
 .debug_frame   0x00000b98      0x500 ./Drivers/STM32G4xx_HAL_Driver/Src/stm32g4xx_hal.o
 .debug_frame   0x00001098      0xacc ./Drivers/STM32G4xx_HAL_Driver/Src/stm32g4xx_hal_adc.o
 .debug_frame   0x00001b64      0x81c ./Drivers/STM32G4xx_HAL_Driver/Src/stm32g4xx_hal_adc_ex.o
 .debug_frame   0x00002380      0x4e8 ./Drivers/STM32G4xx_HAL_Driver/Src/stm32g4xx_hal_cortex.o
 .debug_frame   0x00002868      0x24c ./Drivers/STM32G4xx_HAL_Driver/Src/stm32g4xx_hal_dma.o
 .debug_frame   0x00002ab4      0x174 ./Drivers/STM32G4xx_HAL_Driver/Src/stm32g4xx_hal_exti.o
 .debug_frame   0x00002c28      0x14c ./Drivers/STM32G4xx_HAL_Driver/Src/stm32g4xx_hal_gpio.o
 .debug_frame   0x00002d74      0xc38 ./Drivers/STM32G4xx_HAL_Driver/Src/stm32g4xx_hal_i2c.o
 .debug_frame   0x000039ac      0x4fc ./Drivers/STM32G4xx_HAL_Driver/Src/stm32g4xx_hal_pwr_ex.o
 .debug_frame   0x00003ea8      0x23c ./Drivers/STM32G4xx_HAL_Driver/Src/stm32g4xx_hal_rcc.o
 .debug_frame   0x000040e4      0x2ac ./Drivers/STM32G4xx_HAL_Driver/Src/stm32g4xx_hal_rcc_ex.o
 .debug_frame   0x00004390     0x121c ./Drivers/STM32G4xx_HAL_Driver/Src/stm32g4xx_hal_tim.o
 .debug_frame   0x000055ac      0xa68 ./Drivers/STM32G4xx_HAL_Driver/Src/stm32g4xx_hal_tim_ex.o
 .debug_frame   0x00006014      0xa94 ./Drivers/STM32G4xx_HAL_Driver/Src/stm32g4xx_hal_uart.o
 .debug_frame   0x00006aa8       0x20 D:/stm32/STM32CubeIDE_2.0.0/STM32CubeIDE/plugins/com.st.stm32cube.ide.mcu.externaltools.gnu-tools-for-stm32.13.3.rel1.win32_1.0.100.202509120712/tools/bin/../lib/gcc/arm-none-eabi/13.3.1/../../../../arm-none-eabi/lib/thumb/v7e-m+fp/hard\libc_nano.a(libc_a-memset.o)
 .debug_frame   0x00006ac8       0x2c D:/stm32/STM32CubeIDE_2.0.0/STM32CubeIDE/plugins/com.st.stm32cube.ide.mcu.externaltools.gnu-tools-for-stm32.13.3.rel1.win32_1.0.100.202509120712/tools/bin/../lib/gcc/arm-none-eabi/13.3.1/../../../../arm-none-eabi/lib/thumb/v7e-m+fp/hard\libc_nano.a(libc_a-init.o)
 .debug_frame   0x00006af4       0x2c D:/stm32/STM32CubeIDE_2.0.0/STM32CubeIDE/plugins/com.st.stm32cube.ide.mcu.externaltools.gnu-tools-for-stm32.13.3.rel1.win32_1.0.100.202509120712/tools/bin/../lib/gcc/arm-none-eabi/13.3.1/thumb/v7e-m+fp/hard\libgcc.a(_aeabi_uldivmod.o)
 .debug_frame   0x00006b20       0x34 D:/stm32/STM32CubeIDE_2.0.0/STM32CubeIDE/plugins/com.st.stm32cube.ide.mcu.externaltools.gnu-tools-for-stm32.13.3.rel1.win32_1.0.100.202509120712/tools/bin/../lib/gcc/arm-none-eabi/13.3.1/thumb/v7e-m+fp/hard\libgcc.a(_udivmoddi4.o)

.debug_line_str
                0x00000000       0x3d
 .debug_line_str
                0x00000000       0x3d ./Core/Startup/startup_stm32g491retx.o
