../Core/Src/main.c:87:5:main	8	static
../Core/Src/main.c:171:6:SystemClock_Config	88	static
../Core/Src/main.c:217:13:MX_ADC1_Init	56	static
../Core/Src/main.c:285:13:MX_FDCAN1_Init	8	static
../Core/Src/main.c:328:13:MX_I2C1_Init	8	static
../Core/Src/main.c:376:13:MX_TIM1_Init	120	static
../Core/Src/main.c:466:13:MX_TIM3_Init	40	static
../Core/Src/main.c:511:13:MX_GPIO_Init	48	static
../Core/Src/main.c:553:6:HAL_ADC_ConvCpltCallback	16	static
../Core/Src/main.c:566:6:Error_Handler	4	static,ignoring_inline_asm
